Section CODE:
	00010000 _BEG_CODE
	00010000 ~~_k_initialize_call_table
	00010068 ~~k_dos_get_devices
	00010088 ~~k_dos_get_device
	000100b8 ~~k_dos_get_device_status
	000100f3 ~~disk_status
	000101f6 ~~disk_initialize
	0001049b ~~disk_read
	0001060f ~~disk_write
	00010837 ~~disk_ioctl
	0001089c ~~listboxWindowProc
	00010fe0 ~~k_initializeMenuManager
	0001104a ~~k_menu_CreateMenuResource
	000110e8 ~~k_menu_FreemMenuResource
	0001116c ~~k_menu_CreateMenu
	000111ee ~~mainMenuWindowProc
	00011358 ~~umm_integrity_check
	000119e8 ~~umm_poison_malloc
	00011a35 ~~umm_poison_calloc
	00011aa2 ~~umm_poison_realloc
	00011aff ~~umm_poison_free
	00011b2b ~~umm_poison_check
	00011c36 ~~umm_info
	00011ea4 ~~umm_free_heap_size
	00012582 ~~umm_init
	0001290d ~~umm_free
	00012d2c ~~umm_malloc
	00012d79 ~~umm_realloc
	000132ee ~~umm_calloc
	00012948 ~~umm_malloc_core
	00012730 ~~umm_free_core
	000123f3 ~~umm_assimilate_down
	00012243 ~~umm_assimilate_up
	0001209d ~~umm_disconnect_from_free_list
	00011f1a ~~umm_split_block
	00011eca ~~umm_blocks
	00011962 ~~get_unpoisoned
	000118d3 ~~get_poisoned
	00011827 ~~check_poison_block
	000117d1 ~~check_poison
	000117ac ~~put_poison
	00011784 ~~dump_mem
	0001175b ~~poison_size
	000133c1 ~~k_initalize_executive
	00013518 ~~k_deallocate_process_task
	00013530 ~~debug_process_node
	000135d6 ~~k_exec_process_list
	000135f6 ~~k_exec_nextprocess
	0001368d ~~k_exec_get_process
	0001370f ~~k_exec_get_process_byname
	00013784 ~~k_exec_set_process_foreground
	000137b0 ~~k_exec_start_process
	0001382c ~~k_user_CreateProcess
	00013882 ~~k_exe_device_load_process
	00013a78 ~~k_exec_launchProcess
	00013b95 ~~k_exec_createProcess
	00013cf8 ~~k_exec_set_current_process
	00013d2a ~~k_exec_get_current_process
	00013d42 ~~k_exec_setContext
	00013d63 ~~k_exec_getContext
	00013d84 ~~k_exec_signal_sleep
	00013db4 ~~k_exec_signal_terminate
	00013de4 ~~k_exec_signal_start
	00013e14 ~~k_exec_signal_wait
	00013e44 ~~k_exec_set_signal
	00013ee9 ~~k_exec_throw_exception
	00013f72 ~~k_exec_enable_process_timer
	000133a4 ~~Query
	00013387 ~~Configure
	00013377 ~~Uninit
	00013354 ~~Init
	0001409c ~~k_delay_nop
	000140b6 ~~k_delay_1
	000140e0 ~~k_delay_1ms
	000140f4 ~~sleep
	00014128 ~~k_getFXOSVersionName
	00014140 ~~k_getZeroPage
	00014159 ~~k_getKernelTrapTable
	00014171 ~~k_initializeZeroPage
	00014284 ~~k_report_configuration
	0001446e ~~k_delay
	000144b5 ~~k_debug_string
	000144d5 ~~k_DebugOutString
	000144ef ~~k_debug_nstring
	00014511 ~~k_debug_string_com1
	0001456f ~~k_debug_string_com2
	000145cd ~~k_debug_nstring_com1
	00014632 ~~k_debug_nstring_com2
	00014697 ~~k_debug_pointer
	0001474b ~~k_debug_char
	00014790 ~~k_debug_integer
	000147d8 ~~k_debug_hex_integer
	00014848 ~~k_debug_integers
	000148ba ~~k_debug_integer_array
	0001494e ~~k_debug_long
	00014998 ~~k_debug_hex
	000149e0 ~~k_debug_message
	00014a12 ~~k_debug_strings
	00014a36 ~~k_debug_nmessage
	00014a7e ~~k_debug_nstrings
	00014aa4 ~~k_debug_hexchar
	00014b1b ~~k_debug_on
	00014b54 ~~k_debug_bits
	00014c94 ~~k_debug_byte_array
	00014d1b ~~k_debug_node
	00014dbe ~~k_debug_nodelist
	00014e08 ~~k_debug_nodelist_list
	00014e79 ~~k_debug_nodelist_with_data
	00014ee6 ~~k_debug_crlf
	00014f00 ~~k_debug_uart_status_com1
	00015069 ~~k_debug_uart_status_com2
	000151d2 ~~k_debug_rect
	00015233 ~~k_get_rtc_hour
	0001526c ~~k_get_rtc_minute
	000152a5 ~~k_get_rtc_second
	000152de ~~k_get_rtc_month
	00015317 ~~k_get_rtc_day
	00015350 ~~k_get_rtc_year
	00015389 ~~k_get_rtc_century
	000153c2 ~~k_get_fpga_date_day
	000153e7 ~~k_get_fpga_date_month
	0001540c ~~k_get_fpga_date_year
	00015431 ~~k_get_c256_major_version
	0001545e ~~k_get_c256_minor_version
	0001548b ~~k_get_c256_release
	000154c5 ~~k_user_IsOSDebug
	000154dd ~~k_user_EnableOSDebug
	000154f6 ~~k_user_DisableOSDebug
	0001550d ~~k_initialize_text
	00015539 ~~k_init_spinner
	0001556e ~~k_updatespinner
	000155b8 ~~k_initialize_text_fonts
	00015621 ~~k_scroll_screen
	00015770 ~~k_get_cols_visible
	00015786 ~~k_get_cols_per_line
	0001579c ~~k_get_lines_visible
	000157b2 ~~k_get_lines_max
	000157c8 ~~k_enable_text_mode
	00015981 ~~k_enable_border
	0001599b ~~k_disable_border
	000159b5 ~~k_set_border
	000159ff ~~k_set_border_color
	00015a35 ~~k_clear_screen
	00015a6c ~~k_clear_console
	00015aa4 ~~k_pos_console
	00015adb ~~k_row_console
	00015b09 ~~k_col_console
	00015b37 ~~k_write_console
	00015c80 ~~k_put_string
	00015cc8 ~~k_put_string_buffer
	00015d01 ~~k_put_color
	00015d62 ~~k_put_char
	00015dde ~~k_set_background
	00015e3d ~~k_set_text_font_page
	00015e55 ~~k_enable_text_cursor
	00015ebd ~~k_set_cursor_position
	00015efd ~~k_create_text_window
	00015fc8 ~~k_text_mode_dialog
	000160e5 ~~k_window_draw
	000162b4 ~~k_window_draw_background
	0001636b ~~consoleWindowProc
	000163fb ~~DefConsoleProc
	000176da ~~ObjectClicked
	000177c4 ~~DefConsoleProc2
	0001796b ~~DefConsoleProc3
	00017a94 ~~k_console_process_command
	00017bf5 ~~token_to_string
	00017c25 ~~newToken
	00017c7d ~~sig_walk
	00017d0e ~~getTokenSig
	00017d54 ~~tokenize
	000181f4 ~~strupr
	0001823d ~~strlower
	00018286 ~~k_pad_string
	00018310 ~~k_strcat
	0001832e ~~k_strcpy
	0001834c ~~k_inttodec
	0001846c ~~k_longtosize
	00018558 ~~k_pointer_to_string
	0001860b ~~k_longtodec
	000189c0 ~~k_bytetodec
	00018a9f ~~k_bytetohex
	00018b09 ~~k_strip_padding
	00018b52 ~~k_replace_padding
	00018ba0 ~~k_replace_padding_until
	00018bf4 ~~k_to_uppercase
	00018c3d ~~k_to_lowercase
	00018c86 ~~k_itoa
	00018ccb ~~k_string_itoa
	00018dac ~~k_reverse
	00018e52 ~~k_fxstring_ends_with
	00018ecb ~~k_string_trim
	00018eff ~~k_string_rtrim
	00018f6e ~~k_string_ltrim
	00019022 ~~k_string_indexOf
	00019088 ~~k_string_toString
	000190b9 ~~k_string_copy_string
	0001913b ~~k_string_copy
	000191af ~~k_fxstring_init
	00019230 ~~k_fxstring_reinit
	00019284 ~~k_fxstring_new
	00019335 ~~k_fxstring_free
	0001939a ~~k_fxstring_size
	000193c5 ~~k_fxstring_length
	000193fe ~~k_fxstring_position
	0001942c ~~k_fxstring_addchar
	0001948e ~~k_fxstring_append_integer
	0001951d ~~k_fxstring_append_long
	000195ae ~~k_fxstring_append_hex
	0001963d ~~k_fxstring_removechar
	000196c9 ~~k_fxstring_add
	00019737 ~~k_fxstring_fxadd
	00019754 ~~k_fxstring_as
	0001978c ~~k_fxstring_at
	000197a9 ~~k_fxstring_equals
	000197f4 ~~k_fxstring_copy_string
	00019839 ~~k_fxstring_from_long
	00019883 ~~k_string_append_integer
	000198f2 ~~k_string_replace
	00019a0f ~~k_get_date_string
	00019af9 ~~k_get_localtime_string
	00019c0d ~~k_get_localhourminute_string
	00019ccd ~~k_wcstombs
	00019d23 ~~k_char_to_string
	00019dad ~~k_string_copy_to_delimiter
	00019e61 ~~k_string_first_index_of
	00019eea ~~k_string_last_index_of
	00019fa0 ~~k_uart_select
	00019fc2 ~~k_uart_setbaud
	00019fe8 ~~k_uart_setbaud_com1
	0001a01b ~~k_uart_setbaud_com2
	0001a04e ~~k_uart_setctl
	0001a05e ~~k_uart_setctl_com1
	0001a06d ~~k_uart_setctl_com2
	0001a07c ~~k_uart_init
	0001a099 ~~k_uart_init_com1
	0001a0b8 ~~k_uart_init_com2
	0001a0d7 ~~k_uart_dataready
	0001a0ee ~~k_uart_getbyte
	0001a105 ~~k_uart_putbyte
	0001a11e ~~k_uart_putstring
	0001a12e ~~k_uart_enableirq
	0001a15f ~~k_uart_enableirq_ports
	0001a1c8 ~~k_uart_poll
	0001a1e1 ~~k_init_superio
	0001a2e1 ~~k_init_keyboard
	0001a449 ~~kbd_reset
	0001a48e ~~k_mouse_enable
	0001a4c8 ~~k_mouse_disable
	0001a502 ~~mouse_handler_0
	0001a6f6 ~~mouse_handler_1
	0001a7ae ~~mouse_handler_2
	0001a887 ~~BRKHandler
	0001aba4 ~~COPHandler
	0001abb8 ~~IRQHandler
	0001ac2c ~~k_dispatch_reg0
	0001ae57 ~~k_dispatch_reg1
	0001b00e ~~k_dispatch_reg2
	0001b1b3 ~~k_dispatch_reg3
	0001b219 ~~mouse_handler
	0001b397 ~~mouse_wait
	0001b426 ~~mouse_write
	0001b460 ~~mouse_read
	0001b480 ~~mouse_install
	0001b522 ~~mouse_driver_init
	0001b532 ~~kbd_set_led
	0001b57f ~~kbd_set_scanpage
	0001b5cc ~~keyboard_handler
	0001b949 ~~k_get_mouse_button
	0001b968 ~~k_get_mouse_pos_X
	0001b99e ~~k_get_mouse_pos_Y
	0001b9d4 ~~abs
	0001b9e8 ~~atoi
	0001ba7c ~~atol
	0001bb43 ~~malloc
	0001bc20 ~~memcpy
	0001bc4f ~~memmove
	0001bcaf ~~memset
	0001bcdb ~~rand
	0001bd1c ~~sbrk
	0001bd6a ~~srand
	0001bd8a ~~strcat
	0001bdd5 ~~strchr
	0001be06 ~~strcmp
	0001be3b ~~strcpy
	0001be60 ~~strlen
	0001be7e ~~strncpy
	0001beb1 ~~strstr
	0001bf08 ~~strtok
	0001bf85 ~~tolower
	0001bfa0 ~~toupper
	0001bfbb ~~~asl
	0001bfc3 ~~~asr
	0001bfd4 ~~~casl
	0001bfe0 ~~~div
	0001c004 ~~~fmov
	0001c025 ~~~fsw
	0001c04f ~~~lasl
	0001c07e ~~~lcal
	0001c086 ~~~ldiv
	0001c0d4 ~~~llsr
	0001c104 ~~~lmul
	0001c150 ~~~lsr
	0001c158 ~~~ludv
	0001c172 ~~~lumd
	0001c187 ~~~mod
	0001c1ab ~~~mul
	0001c1ec ~~~swt
	0001c20d ~~~udv
	0001c241 ~~~umd
	0001c247 ~~strpbrk
	0001c288 ~~strspn
	0001c2b9 ~~~comdiv
	0001c2fa ~~_k_initialize_CON_call_table
	0001c6c5 ~~_k_initialize_DOS_call_table
	0001c914 ~~_k_initialize_GFX_call_table
	0001d0e1 ~~_k_initialize_GUI_call_table
	0001d7cd ~~_k_initialize_KERNEL_call_table
	0001f086 _END_CODE

Section DATA:
	00020000 _BEG_DATA
	00020074 ~~DRIVER_FMXUCOM1
	0002000c ~~DRIVER_FMXCOM1
	00020008 ~~version
	00020004 ~~UARTBASE
	00020000 ~~_k_driver_base
	00020390 ~~DRIVER_SLOT_16
	0002038c ~~_k_s16_driver_base
	00020324 ~~DRIVER_SLOT_15
	00020320 ~~_k_s15_driver_base
	000202b8 ~~DRIVER_SLOT_14
	000202b4 ~~_k_s14_driver_base
	0002024c ~~DRIVER_SLOT_13
	00020248 ~~_k_s13_driver_base
	000201e0 ~~DRIVER_SLOT_12
	000201dc ~~_k_s12_driver_base
	00020174 ~~DRIVER_SLOT_11
	00020170 ~~_k_s11_driver_base
	00020108 ~~DRIVER_SLOT_10
	00020104 ~~_k_s10_driver_base
	000204f4 ~~DRV_PORT_B
	000204f0 ~~DRV_PORT_A
	000204ec ~~DRV_KBD_DATA_BUF
	000204e8 ~~DRV_KBD_CMD_BUF
	000204e4 ~~DRV_KBD_INPT_BUF
	000204e0 ~~DRV_KBD_OUT_BUF
	000204dc ~~DRV_KBD_STATUS
	000204d8 ~~DRV_STATUS_PORT
	00020477 ~~DRIVER_FMXKEYBOARD_U
	00020416 ~~DRIVER_FMXKEYBOARD
	00020412 ~~mouseport
	0002040e ~~kbport
	0002040a ~~debugport
	000203fc ~~_irq_key_state_machine
	000203f8 ~~_k_driver_base
	0002053e ~~DRIVER_FMXUMOUSE
	0002053a ~~_k_driver_base
	000205ba ~~fun
	000205b8 ~~doop
	000205b6 ~~operator
	000205b4 ~~d2
	000205b2 ~~d1
	000205ae ~~pTextBox
	000205aa ~~hWndInstancePalette
	000205a6 ~~hWndInstance
	00020834 ~~DEVICE_CON
	000207d3 ~~DRIVER_FMXConsole
	000207cf ~~_k_driver_base
	000208bb ~~DEVICE_SD
	00020856 ~~DRIVER_FMXSDCard
	00020852 ~~_k_driver_base
	0002099e ~~DEVICE_HD
	00020939 ~~DRIVER_FMXIDE
	00020935 ~~_k_driver_base
	000209b3 ~~diskioDevices
	00020a6e ~~ExCvt
	00020a61 ~~LfnOfs
	00020a21 ~~VolumeStr
	00020c32 ~~HEAPNEAR
	00021f14 ~~selectionChanged
	00020c43 ~~cIndexDebugWindow
	00020c33 ~~_k_desktopMenuState
	0002248b ~~_k_WindowManagerInstance
	000224ec ~~hitNode
	000224f0 ~~hitChildNode
	000224f4 ~~highhit
	000224f8 ~~currentFocus
	000224fc ~~overlaps
	00022500 ~~intersections
	00022504 ~~_k_windowManagerMetrics
	000224e8 ~~_k_hWndFocus
	000224e7 ~~_k_bNCLockedFocus
	000224e3 ~~_k_hLockedFocus
	000224df ~~_k_NT_currentZ
	000224db ~~_k_NT_HighNode
	000224d7 ~~_k_NT_HighRect
	000224d3 ~~_k_windowManager_CurrentHit
	000224cf ~~_k_windowManager_DesktopWindow
	000224cb ~~_k_windowManager_CursorList
	000224c7 ~~_k_windowManager_FontList
	000224c3 ~~_k_windowManager_IconList
	000224bf ~~_k_windowManager_WindowMenuAccList
	000224bb ~~_k_windowManager_WindowMenuList
	000224b7 ~~_k_windowManager_ObjectHitList
	000224b3 ~~_k_windowManager_WindowRedrawList
	000224af ~~_k_windowManager_WindowObjectList
	000224ab ~~_k_windowManager_WindowClassList
	000224a7 ~~_k_windowManager_RectIntersect
	000224a3 ~~_k_windowManager_RectSelectList
	0002249f ~~_k_windowManager_RectList
	00024f3d ~~listtext
	000254db ~~heap_start
	000254df ~~heap_end
	000254e3 ~~_ipc_global_ports
	00025503 ~~_ipc_ports
	000254d7 ~~THIS_MODULE
	00025628 ~~umm_heap
	0002562c ~~umm_numblocks
	00025894 ~~_k_dos_deviceinstance
	00025890 ~~_k_dos_devicedrivers
	0002588c ~~sectorBuffer
	00025a9f ~~_k_exec_context
	00025aa3 ~~_k_exec_error
	00025ab3 ~~THIS_MODULE
	00025aaf ~~_k_execManager_ProcesssList
	00025aab ~~_exec_Process
	00025aa7 ~~_k_current_Process
	00025ffd ~~_k_isOSDebug
	00025fe0 ~~FXOSVERSIONSTRING
	00025fdc ~~FXOSVERSION
	000262be ~~tokentypeNames
	000262bc ~~cursorCurrentColor
	000262ba ~~cursorFlashInterval
	000262b6 ~~consolespinner
	0002625a ~~console_command_proc
	0002617d ~~console_commands
	0002617b ~~_k_window_index
	00026bbf ~~MOUSE_POINTER_HELP
	00026cbf ~~MOUSE_POINTER_HOURGLASS
	00026dbf ~~MOUSE_POINTER_ARROW
	00026ebf ~~MOUSE_POINTER_RESIZE
	00026fbf ~~MOUSE_POINTER_EMPTY
	0002710f ~~BG_FILL_LINE_EVEN
	000270bf ~~BG_FILL_LINE_ODD
	00026b7f ~~TEXT_BG_COLORS
	00026b3f ~~TEXT_FG_COLORS
	00026b3b ~~TITLE_LINES_640x480
	00026b3a ~~TEXT_CAPTION_BLOCK
	00027a59 ~~bytetosize
	00027a4f ~~bytetodec
	00027a3f ~~bytetohex
	00027b50 ~~line
	00027b5c ~~pAPGMPTR
	00027b58 ~~THIS_MODULE
	00027b54 ~~mainspinner
	00027b52 ~~msp
	00028066 ~~_k_eventmanager
	0002807e ~~_k_currentWndManager
	000280bf ~~initHD
	000280c2 ~~_k_keyCodesSet
	00028174 ~~_k_keyCodesShiftSet
	00028226 ~~_k_keyCodesExtSet
	000280c0 ~~sync_mouse_time
	000280be ~~ps2port_ready
	0002809e ~~extendedLookup
	0002809a ~~_k_debugport_hd
	00028096 ~~THIS_MODULE
	00028094 ~~_fast_idle_tick
	00028092 ~~_normal_idle_tick
	0002808e ~~_k_eventQueue
	0002808a ~~_k_hWndFocus
	00028086 ~~_k_system_timer
	00028082 ~~_k_eventManager_IdleProcList
	00028a51 ~~_irq_keyboardTimeout
	00028a65 ~~mouse_data_ready
	00028a66 ~~mouse_data
	00028a69 ~~mouse_cycle
	00028a6a ~~mouse_discard
	00028a6b ~~mouse_irq
	00028a6f ~~debugport
	00028a77 ~~kbport
	00028a7b ~~mouseport
	00028a87 ~~boxtop
	00028ace ~~boxbottom
	00028b15 ~~boxside
	00028b19 ~~_pseudo_timer
	00028b1d ~~_system_timer
	00028b18 ~~_k_shiftKeyMode
	00028b17 ~~_k_extendedKeyMode
	00028a83 ~~_k_default_arg
	00028a7f ~~_irq_ktick
	00028a73 ~~debugport2
	00028a57 ~~_irq_key_state_machine
	00028a53 ~~_driver_Keyboard
	00028baa ~~bExceptionStatus
	00028ba6 ~~THIS_MODULE
	00028d66 ~~consoleAppOffset
	00029049 ~~_ctype
	0002914a ~~_randseed
	0002914e _END_DATA

Section UDATA:
	0002914e _BEG_UDATA
	0002914e ~~szIndentity
	0002934e ~~Fsid
	00029350 ~~FatFs
	00029370 ~~popupMessage
	000293b0 ~~_k_loadmodule
	000293c4 ~~_k_windowManager_StdPointers
	000293e4 ~~_k_NT_HighIntersect
	000293f2 ~~_k_lists
	000293fe ~~ummHeapInfo
	0002941e ~~fxdosDevice
	0002976c ~~_k_exec_message
	000297ac ~~loadModuleHeader
	000297c0 ~~_k_executive
	000296ec ~~_k_processList
	000297d0 ~~fx_con_api_table
	00029bd0 ~~fx_gui_api_table
	00029fd0 ~~fx_gfx_api_table
	0002a3d0 ~~fx_dos_api_table
	0002a7d0 ~~fx_kernel_api_table
	0002abd0 ~~KERNEL_FUNCTION_TABLE
	0002abd4 ~~k16buffer
	0002abe4 ~~consoleBuffer
	0002cb64 ~~consolespinctx
	0002cb6a ~~_k_window_list
	0002de7a ~~infoHeader
	0002dea2 ~~fileHeader
	0002deae ~~_k_guiCacheSlots
	0002deea ~~_k_currentPalatte
	0002df1c ~~_k_mouseState
	0002df33 ~~eventProcess
	0002e333 ~~eventProcs
	0002e733 ~~_heap_top
	0002e73b ~~_mem_start
	0002e73f _END_UDATA

Section com1s02:
	00040be0 _BEG_COM1S02
	00040e10 _END_COM1S02

Section dslt10:
	00043b60 _BEG_DSLT10
	00043b88 _END_DSLT10

Section dslt11:
	00044150 _BEG_DSLT11
	00044178 _END_DSLT11

Section dslt12:
	00044740 _BEG_DSLT12
	00044768 _END_DSLT12

Section dslt13:
	00044d30 _BEG_DSLT13
	00044d58 _END_DSLT13

Section dslt14:
	00045320 _BEG_DSLT14
	00045348 _END_DSLT14

Section dslt15:
	00045910 _BEG_DSLT15
	00045938 _END_DSLT15

Section dslt16:
	00045f00 _BEG_DSLT16
	00045f28 _END_DSLT16

Section keybs00:
	00040000 _BEG_KEYBS00
	0004056e _END_KEYBS00

Section mouss01:
	000405f0 _BEG_MOUSS01
	0004067c _END_MOUSS01

Section dtacsry:
	00069000 _BEG_DTACSRY
	0006a2d7 _END_DTACSRY

Section cons07:
	00042990 _BEG_CONS07
	00042a34 _END_CONS07

Section sdcs05:
	00041db0 _BEG_SDCS05
	0004216d _END_SDCS05

Section ides04:
	000417c0 _BEG_IDES04
	00041d52 _END_IDES04

Section ffdos:
	00080000 _BEG_FFDOS
	000892f3 _END_FFDOS

Section dtop:
	00090000 _BEG_DTOP
	00093c05 _END_DTOP

Section winman:
	00071000 _BEG_WINMAN
	0007c721 _END_WINMAN

Section memman:
	0005d000 _BEG_MEMMAN
	0005db21 _END_MEMMAN

Section fxdos:
	000892f5 _BEG_FXDOS
	00089eec _END_FXDOS

Section gfx:
	00060000 _BEG_GFX
	00068aae _END_GFX

Section entry:
	00007fff _BEG_ENTRY
	00008880 _END_ENTRY

Section evtman:
	00050000 _BEG_EVTMAN
	00052baa _END_EVTMAN

Section startup:
	00007d00 _BEG_STARTUP
	00007f1d _END_STARTUP

Section vectors:
	0000ffe4 _BEG_VECTORS
	00010000 _END_VECTORS

Section fonts:
	000a0000 _BEG_FONTS
	000ab586 _END_FONTS

Section nodeman:
	0005b000 _BEG_NODEMAN
	0005c626 _END_NODEMAN

Section conman:
	00070000 _BEG_CONMAN
	00070c9e _END_CONMAN

ABSOLUTES:
	00040be0 ~~f_get_driver
	00040dfb ~~f_driver_unload_u
	00040dde ~~f_driver_write_u
	00040dc1 ~~f_driver_read_u
	00040ca3 ~~f_driver_load_u
	00040c8e ~~f_driver_unload
	00040c71 ~~f_driver_write
	00040c54 ~~f_driver_read
	00040c33 ~~f_driver_load
	00045f00 ~~f_get_s16_driver
	00045910 ~~f_get_s15_driver
	00045320 ~~f_get_s14_driver
	00044d30 ~~f_get_s13_driver
	00044740 ~~f_get_s12_driver
	00044150 ~~f_get_s11_driver
	00043b60 ~~f_get_s10_driver
	00040113 ~~kbd_wait
	000401c2 ~~set_led
	000401a2 ~~kbd_read
	00040000 ~~f_get_driver
	0004020f ~~f_driver_irq
	000400fe ~~f_driver_unload_u
	000400e1 ~~f_driver_write_u
	000400c4 ~~f_driver_read_u
	000400af ~~f_driver_load_u
	0004009a ~~f_driver_unload
	0004007d ~~f_driver_write
	00040060 ~~f_driver_read
	00040047 ~~f_driver_load
	000405f0 ~~f_get_driver
	00040667 ~~f_driver_unload
	0004064a ~~f_driver_write
	0004062d ~~f_driver_read
	00040618 ~~f_driver_load
	00069000 ~~FXCalculator
	0006913e ~~CalculatorWindowProc
	0006988f ~~FXPaletteAccessory
	00069a05 ~~foreach_colors
	00069a94 ~~deallocate_rect
	00069abd ~~drawSwatchInfo
	00069be7 ~~PaletteWindowProc
	00042990 ~~f_get_driver
	00042a1f ~~f_driver_unload
	00042a02 ~~f_driver_write
	000429e5 ~~f_driver_read
	000429b8 ~~f_driver_load
	00041dd8 ~~k_sd_reset
	00041e1a ~~k_read_sd_command
	00041e37 ~~k_read_sd_sector
	00041f0e ~~k_write_sd_sector
	00041f95 ~~readCluster
	00042051 ~~k_read_volume_name
	00042108 ~~k_sd_initialize
	00041db0 ~~f_get_driver
	00041978 ~~k_hd_diagnostic
	000419aa ~~k_hd_get_id
	00041a61 ~~k_hd_send_command
	00041a7e ~~k_hd_read_sector
	00041bd4 ~~k_hd_write_sector
	00041ce0 ~~k_hd_initialize
	00041d3d ~~k_hd_uninitialize
	00041952 ~~k_drive_busy
	000418ec ~~k_drive_ready_not_busy
	0004188a ~~k_drive_not_busy_or_drq
	00041864 ~~k_drive_ready
	0004180e ~~k_drive_wait_dsc
	000417e8 ~~k_drive_wait_drq
	000417c0 ~~f_get_driver
	00084539 ~~f_mount
	000845f8 ~~f_open
	00084ab0 ~~f_read
	00084ecf ~~f_write
	000853d7 ~~f_sync
	0008556f ~~f_close
	000855c3 ~~f_lseek
	00085aa6 ~~f_opendir
	00085bd5 ~~f_closedir
	00085c18 ~~f_readdir
	00085cdf ~~f_findnext
	00085d87 ~~f_findfirst
	00085dd4 ~~f_stat
	00085e8b ~~f_getfree
	000860cf ~~f_truncate
	000862b0 ~~f_unlink
	00086451 ~~f_mkdir
	00086739 ~~f_rename
	000869ac ~~f_getlabel
	00086ba5 ~~f_setlabel
	000872c2 ~~f_mkfs
	000884ad ~~f_gets
	00088c61 ~~f_putc
	00088ca8 ~~f_puts
	00088d0b ~~f_printf
	00089255 ~~ff_oem2uni
	00089271 ~~ff_uni2oem
	0008928d ~~ff_wtoupper
	000892ab ~~ff_memalloc
	000892d3 ~~ff_memfree
	00088c30 ~~putc_init
	00088bc0 ~~putc_flush
	0008889e ~~putc_bfd
	00086e60 ~~create_partition
	0008448b ~~validate
	00083db8 ~~mount_volume
	00083ba2 ~~find_volume
	00083a72 ~~check_fs
	000838a0 ~~get_ldnumber
	0008372b ~~follow_path
	000831fd ~~create_name
	000830a4 ~~pattern_matching
	00083059 ~~get_achar
	00082c09 ~~get_fileinfo
	00082afc ~~dir_remove
	00082848 ~~dir_register
	000825cc ~~dir_find
	0008239b ~~dir_read
	00082334 ~~sum_sfn
	000821c3 ~~gen_numname
	000820a2 ~~put_lfn
	00081f6b ~~pick_lfn
	00081e0c ~~cmp_lfn
	00081da6 ~~st_clust
	00081d16 ~~ld_clust
	00081c53 ~~dir_alloc
	0008199f ~~dir_next
	00081760 ~~dir_sdi
	000815ae ~~dir_clear
	00081293 ~~create_chain
	0008110a ~~remove_chain
	00080dc4 ~~put_fat
	00080b54 ~~get_fat
	00080ac5 ~~clst2sect
	0008094c ~~sync_fs
	000808c1 ~~move_window
	000807ae ~~sync_window
	000804e8 ~~put_utf
	00080311 ~~tchar2uni
	000802e4 ~~dbc_2nd
	000802b7 ~~dbc_1st
	00080275 ~~chk_chr
	00080216 ~~mem_cmp
	000801df ~~mem_set
	00080193 ~~mem_cpy
	00080116 ~~st_dword
	000800d7 ~~st_word
	0008003b ~~ld_dword
	00080000 ~~ld_word
	00090000 ~~testRelabel
	000900ad ~~testRename
	00090123 ~~testNewFolder
	00090197 ~~testFileSystems
	00090348 ~~DesktopEnvironmentProc
	0009046b ~~k_createNewFile
	00090514 ~~DesktopWindowProc
	000920ce ~~ConsoleWindowProc
	0009246f ~~TextWindowProc
	00092810 ~~preferencesWindowProc
	00092a6d ~~k_user_DisplayVolWindow
	00092ab7 ~~foreach_file
	00092b85 ~~foreach_render_file
	00092f49 ~~desktopVolsWindowProc
	00093ad7 ~~selectRow
	00071000 ~~k_user_get_object_list
	00071111 ~~k_user_FindRect
	000712f5 ~~k_user_getOverLappedRect
	00071549 ~~k_user_getIntersectionRect
	0007159a ~~k_user_isOverlappedRectPoints
	0007160b ~~k_user_isOverlappedRects
	0007169c ~~k_deallocate_rect
	000716d8 ~~k_deallocate_window_class
	00071718 ~~k_deallocate_window_object
	0007188c ~~k_is_window_closed
	000718bd ~~k_clean_closed_windows
	0007191f ~~k_isNonClient
	00071e36 ~~ProcessWindowEvent
	00072062 ~~ConfigureWindowEvent
	00072089 ~~QueryWindowManager
	000721dc ~~k_initializeWindowManager
	00072618 ~~k_update_focus_history
	0007263f ~~find_window_caption
	0007269f ~~k_user_findWindow
	000726fc ~~k_user_getDesktopWindow
	00072733 ~~k_user_CenterWindow
	00072802 ~~k_user_CenterBottomWindow
	000728ee ~~k_user_MoveWindow
	00072a9b ~~k_user_MoveWindow_ex
	00072be0 ~~k_user_ResizeWindow_ex
	00072daa ~~k_getWindowManagerList
	00072dc2 ~~k_getWindowManagerClassList
	00072dda ~~k_getWindowManagerHitList
	00072df2 ~~k_getWindowList
	00072e18 ~~k_getWindowClassList
	00072e3e ~~k_getWindowHitList
	00072e64 ~~k_getHandleFromWindow
	00072e82 ~~k_getWindowFromHandle
	00072ea0 ~~k_getWindowRect
	00072ee2 ~~k_user_RegisterMousePointerClass
	00072f25 ~~k_user_LoadFontClass
	0007310f ~~k_user_RegisterFontClass
	00073144 ~~k_user_getFontClass
	000731a4 ~~k_user_getMousePointerClass
	00073204 ~~k_user_setMousePointer
	00073246 ~~k_user_CreateWindowClass
	00073289 ~~k_user_CreateWindowClassEx
	0007338e ~~k_user_getWindowClass
	000733ea ~~k_user_GetFont
	00073437 ~~k_user_GetWindowDrawingContext
	00073458 ~~k_user_ReleaseWindowDrawingContext
	00073470 ~~k_user_SelectFontIntoContext
	00073488 ~~k_user_SelectColorIntoContext
	000734a0 ~~k_user_DrawText
	000734bd ~~k_user_DrawWindowTextToPoint
	0007351a ~~k_user_DrawWindowTextToPointWithFont
	00073578 ~~k_user_FillClientRect
	00073609 ~~k_user_RegisterWindowClass
	0007362a ~~k_user_LoadDialog
	00073676 ~~k_user_CloseWindow
	000736ec ~~k_user_DestroyWindow
	0007394a ~~k_user_CreateWindow
	00073ed5 ~~k_user_CreateWindowEx
	0007408d ~~k_user_SetWindowTitle
	000740de ~~k_user_SetWindowData
	00074173 ~~k_user_GetWindowData
	000741fa ~~k_user_SetRect
	00074234 ~~k_user_ClearRect
	00074272 ~~k_user_CopyRect
	000742be ~~k_user_CreateMenuResource
	00074321 ~~k_user_AddMenuItem
	0007440e ~~k_user_SetMenuItemAttribute
	00074445 ~~k_user_SendMenuAccelerator
	000744ee ~~k_user_SendMenuAcceleratorItem
	0007457b ~~k_user_SelectMenu
	000745cb ~~k_user_HighlightMenu
	00074649 ~~k_user_CloseMenu
	000746c1 ~~k_user_CreateMenu
	000749d8 ~~menuWindowProc
	00074cfe ~~k_iterate_windows_for_move
	00074dfa ~~k_iterate_windows_for_redraw
	00074f09 ~~k_iterate_menus
	0007501d ~~k_iterate_set_menu_state
	0007507f ~~k_iterate_dropdown_menu_captions
	00075159 ~~k_user_CreateMenuAnchor
	00075244 ~~menuAnchorWindowProc
	0007562a ~~k_func_drawAnchorText
	0007582d ~~k_size_dropdown_menus
	00075a22 ~~k_user_CreateMenuDropDown
	00075b3d ~~k_user_RedrawMenuWithSelection
	00075be9 ~~menuDropDownWindowProc
	00076209 ~~k_user_CreateMsgBox
	000762a1 ~~k_add_child_window
	0007639d ~~k_update_hover_location
	00076466 ~~k_user_getFocusWindow
	0007649a ~~find_child_window
	000764ec ~~k_user_IsChildWindow
	0007656f ~~k_point_reset_current_top
	0007657f ~~k_attach_mouse_detection
	000765e9 ~~k_add_object_hit_node
	00076637 ~~k_attach_mouse_detection_local
	0007669b ~~k_add_object_hit_node_local
	000766d7 ~~k_point_in_nodeslist
	00076709 ~~k_point_in_any_nodeslist
	00076b41 ~~k_point_in_depth_nodeslist
	00076e2f ~~k_point_hit_resetdepth_nodeslist
	00076ebe ~~k_point_hit_scan
	00076f09 ~~k_point_hit_window
	00076fc6 ~~k_point_hit_node
	000770b3 ~~k_point_hit_scan_nodeslist
	0007721c ~~k_remove_closed_windows_from_list
	00077394 ~~k_user_ShowWindow
	000773b1 ~~k_user_ClientToGlobalCoordinates
	00077408 ~~k_user_GlobalToClientCoordinates
	0007745f ~~gadgetWindowProc
	000774ef ~~k_user_getSystemMetric
	00077648 ~~k_text_callback
	0007767d ~~k_render_text
	00077751 ~~_k_user_send_child_message
	000777c1 ~~k_iterate_children
	0007783c ~~debug_window_node
	00077959 ~~debug_clickable_node
	00077a8a ~~k_user_StartWindowForDrag
	00077b5f ~~k_user_EndWindowForDrag
	00077c7e ~~k_user_StartWindowForResize
	00077d4e ~~k_user_EndWindowForResize
	00077e90 ~~k_increment_activity
	00077ef7 ~~k_increment_z
	00077f38 ~~DlgWindowProc
	00078048 ~~AboutPaletteWindowProc
	0007892f ~~DlgAboutWindowProc
	00078caf ~~k_user_SetMenuState
	00078d2d ~~k_switch_window_page
	00078e21 ~~k_copy_window_region
	00078f16 ~~k_copy_window_page_region
	00078fd8 ~~k_user_RedrawWindows
	00079009 ~~k_user_MoveChildWindows
	0007903e ~~k_user_DrawInsetFrame
	000790a4 ~~k_user_GetMousePoint
	000790dc ~~k_user_GetMouseClientPoint
	0007913c ~~k_user_lock_focus
	0007916c ~~k_user_lock_focus_ex
	000791b7 ~~k_user_get_focus_window
	000791cf ~~k_user_get_locked_focus
	000791e7 ~~k_user_unlock_focus
	00079231 ~~_k_DoWndProcs
	00079528 ~~DefWindowProc
	00079faf ~~k_user_CreateButton
	0007a05f ~~buttonDraw
	0007a1da ~~buttonWindowProc
	0007a6bd ~~k_user_CreateTextBox
	0007a728 ~~textboxWindowProc
	0007adc8 ~~k_user_CreateVerticalScrollBar
	0007afc4 ~~vscrollbarWindowProc
	0007b7a0 ~~k_user_CreateHorizontalScrollBar
	0007b87f ~~hscrollbarWindowProc
	0007c1dc ~~processSBCommand
	0007c26f ~~msgboxWindowProc
	000720c7 ~~DoWndProcs
	00071e1e ~~Events
	000719ba ~~_k_doMouseEvent
	00071844 ~~k_deallocate_menu_resource
	000717fb ~~k_deallocate_icon_object
	0007134a ~~intersection
	0007122c ~~k_iterate_rect_overlaps
	00071188 ~~k_user_RectToPoint
	00071143 ~~k_user_GetSelectedRect
	00071030 ~~k_iterate_rect_objects
	00071486 ~~k_iterate_rect_intersections
	00071874 ~~k_deallocate_cursor_object
	0007185c ~~k_deallocate_font_object
	00071813 ~~k_deallocate_hit_class
	000717e3 ~~k_deallocate_menu_object
	0005d000 ~~k_heap_integrity_check
	0005d0db ~~k_check_system_memory
	0005d1f8 ~~k_fcheck_system_memory
	0005d32e ~~k_mem_object_copy
	0005d364 ~~k_mem_allocate_dynamic_heap
	0005d385 ~~k_mem_deallocate_dynamic_heap
	0005d39d ~~k_mem_lock_handle
	0005d3be ~~k_mem_unlock_handle
	0005d3d6 ~~k_mem_load_segment
	0005d3f7 ~~k_mem_lock_segment
	0005d418 ~~k_mem_unlock_segment
	0005d435 ~~k_mem_unload_segment
	0005d44d ~~k_mem_get_segment_info
	0005d46e ~~k_mem_allocate_heap
	0005d4fa ~~k_mem_deallocate_heap
	0005d541 ~~k_calloc
	0005d570 ~~k_free
	0005d590 ~~k_get_ipc_port
	0005d727 ~~k_open_ipc_port
	0005d84d ~~k_close_ipc_port
	0005d962 ~~k_read_ipc_port
	0005d9b3 ~~k_peek_ipc_port
	0005d9d4 ~~k_write_ipc_port
	0005da1f ~~k_ipc_marshal_byte
	0005da5d ~~k_ipc_marshal_verb
	0005daa6 ~~k_ipc_marshal_int
	0005dae0 ~~k_ipc_marshal_long
	000892f5 ~~k_dos_load_drivers
	0008951d ~~k_get_device_driver
	0008956c ~~k_get_dos_device
	000895bb ~~k_close_dos_device
	00089632 ~~k_create_dos_device
	00089950 ~~k_read_dos_directory
	00089971 ~~k_dos_deallocate_fileinfo
	00089989 ~~k_dos_findfiles_to_nodes
	00089b0e ~~k_dos_open
	00089b2f ~~k_dos_close
	00089b50 ~~k_dos_read
	00089b71 ~~k_dos_write
	00089b92 ~~k_dos_lseek
	00089bb3 ~~k_dos_truncate
	00089bd4 ~~k_dos_sync
	00089bf5 ~~k_dos_opendir
	00089c16 ~~k_dos_closedir
	00089c37 ~~k_dos_readdir
	00089c58 ~~k_dos_findfirst
	00089c79 ~~k_dos_findnext
	00089c9a ~~k_dos_mkdir
	00089cbb ~~k_dos_unlink
	00089cdc ~~k_dos_rename
	00089cfd ~~k_dos_stat
	00089d1e ~~k_dos_chmod
	00089d3f ~~k_dos_utime
	00089d60 ~~k_dos_chdir
	00089d81 ~~k_dos_chdrive
	00089da2 ~~k_dos_getcwd
	00089dc3 ~~k_dos_getfree
	00089de4 ~~k_dos_getlabel
	00089e05 ~~k_dos_setlabel
	00089e26 ~~k_dos_forward
	00089e47 ~~k_dos_expand
	00089e68 ~~k_dos_mount
	00089e89 ~~k_dos_mkfs
	00089eaa ~~k_dos_fdisk
	00089ecb ~~k_dos_setcp
	00060000 ~~k_new_RECT
	0006004c ~~k_new_RECTP
	000600a0 ~~k_ToRECT
	000600fb ~~k_ToRECTP
	00060153 ~~k_gui_init_image_cache_slot
	00060184 ~~k_gui_alloc_image_cache_slot
	000601d5 ~~k_gui_free_image_cache_slot
	00060202 ~~k_gui_set_image_cache
	00060313 ~~k_gui_get_image_cache
	000605b4 ~~k_copy_rect
	00060600 ~~k_set_rect
	0006063a ~~k_is_overlapped_rect
	000606c0 ~~k_is_overlapped_rect_points
	00060731 ~~k_is_inside_rect
	000607b4 ~~k_gui_get_pixel_offset
	000607e1 ~~k_gui_get_pixel_offset_width
	00060840 ~~k_set_foreground_palette
	00060862 ~~k_set_text_gamma
	00060898 ~~k_set_text_color
	000608c4 ~~k_set_text_colors
	000608fa ~~setColors
	000610c4 ~~defineGrayPalette
	0006121b ~~k_getUIBackgroundColor
	00061230 ~~k_getUIDesktopColor
	00061245 ~~k_getUIFontColor
	0006125a ~~k_getUIFontSelectedColor
	0006126f ~~k_getUIHighlightColor
	00061284 ~~k_getUIWindowFrameColor
	00061299 ~~k_getUIWindowBorderColor
	000612ae ~~k_getUIWindowShadowColor
	000612c3 ~~k_getUIMenuColor
	000612d8 ~~k_getUIGadgetColor
	000612ed ~~k_getUIColor
	00061335 ~~k_draw_pixel
	000613bb ~~k_draw_pixel_front
	00061441 ~~k_draw_pixel_back
	000614c7 ~~k_draw_pixel_D0
	00061515 ~~k_draw_pixel_ex
	0006159b ~~k_draw_segments
	00061753 ~~k_draw_filled_segments
	00061983 ~~k_draw_circle
	00061a24 ~~k_draw_filled_circle
	00061ac5 ~~k_draw_line
	00061aee ~~k_draw_line_ex
	00061c65 ~~k_draw_line_with_pattern
	00061d72 ~~k_draw_rect_slow
	00061dd2 ~~k_draw_rect
	00061e3a ~~k_draw_rect_ex
	00061e96 ~~k_draw_filled_rect_slow
	00061eae ~~k_put_draw_text
	00061ed6 ~~k_draw_text
	00061f1c ~~k_draw_text_point_ex
	00061fdb ~~k_draw_text_point
	0006205f ~~k_gui_DrawText
	0006225a ~~k_draw_text_point_with_font_ex
	000622e3 ~~k_draw_text_point_with_font
	0006236a ~~k_draw_text_scaled
	000623b2 ~~k_get_font_metrics
	000623de ~~k_put_font_point
	00062525 ~~k_put_binary_font_point
	000628ad ~~k_put_binary_variablefont_point
	000629a7 ~~k_put_binary_variablefont_point_ex
	00062af8 ~~k_put_wingadget_point
	00062bf1 ~~k_gui_DrawWidget
	00062c52 ~~k_put_wingadget_point_ex
	00062d96 ~~k_put_winicon_point
	00062ebb ~~k_put_winicon_point_ex
	00062fe2 ~~k_put_winicon_scaled
	00063148 ~~k_put_font
	000632dd ~~k_put_font_scaled
	0006349e ~~k_draw_char
	000635c3 ~~k_draw_char_scaled
	0006375a ~~k_draw_char_scaled_point
	000638e5 ~~k_draw_lines
	000639a0 ~~k_draw_fontset
	00063a5b ~~k_fill_line
	00063ac5 ~~k_vdraw_filled_rect
	00063b68 ~~k_draw_filled_rect
	00063c0b ~~k_create_ui_window_class
	00063d2c ~~k_HWNDToWINRECT
	00063d81 ~~k_gui_size_nonclient_area
	00063ee0 ~~k_vdraw_ui_window
	00063f17 ~~k_gui_DrawWindow
	00064a10 ~~k_vdraw_ui_window_ex
	000653e0 ~~k_draw_menu
	000654ec ~~k_vdraw_ui_menu
	00065525 ~~k_vdraw_ui_menu_ex
	00065649 ~~k_vdraw_ui_menu_with_rect
	00065719 ~~k_gadget_title_front_callback
	00065764 ~~k_gadget_title_back_callback
	000657af ~~k_render_menu
	00065933 ~~k_draw_ui_window
	00065b2d ~~k_paint_brush_rect
	00065c28 ~~k_paint_brush_at_address
	00065d7c ~~k_vdma_move_rect
	00065e8b ~~k_vdma_fill_rect_ex
	00065fba ~~k_vdma_fill_rect
	00065fe7 ~~k_vdma_fill_address_old
	000661ba ~~k_vdma_fill_address
	00066305 ~~k_vdma_fill_address_ex
	00066446 ~~k_vdma_fill
	000665b0 ~~k_enable_bitmap_mode
	00066772 ~~k_get_video_mode
	000667f4 ~~k_gui_cache_desktop_widgets
	0006686a ~~k_init_desktop
	0006691e ~~k_init_splash
	00066c84 ~~k_create_context_menus
	00066dff ~~k_create_context_menu
	00066f5c ~~k_create_context_menu_in_window_ex
	000672af ~~k_create_context_menu_in_window
	00067545 ~~k_render_context_menu
	000676be ~~k_free_context_menu
	0006772d ~~k_bitblt
	00067909 ~~k_memory_bitblt
	00067bc4 ~~k_shadow_fill_rect_address
	00067cd9 ~~k_shadow_fill_rect
	00067d05 ~~k_shadow_bitblt
	00067e7f ~~k_scratch_save_bitblt
	00068022 ~~k_scratch_restore_bitblt
	000681f1 ~~k_font_getFontHeight
	00068206 ~~k_font_getFontWidth
	0006821b ~~k_gui_set_mousepointer
	00068280 ~~k_gui_init_mousepointer
	00068319 ~~k_vdma_copy_address_ex
	0006849c ~~k_gui_get_title_cache
	000684bc ~~k_gui_build_title_cache
	000685c4 ~~showBmpHead
	00068639 ~~showBmpInfoHead
	00068727 ~~readBMP
	00007fff ~~ReportMemory
	000080be ~~SpinMemory
	00008122 ~~DeallocateNodeListString
	00008170 ~~testDrive
	00008316 ~~main
	00050000 ~~k_get_systemtimer
	000500eb ~~k_initalize_event_manager
	000501e6 ~~k_signal_sol_event
	00050309 ~~k_new_event_loop
	000504e8 ~~k_event_loop
	00050c96 ~~IdleProc
	00050ce5 ~~k_do_procs
	00050d4b ~~k_do_processes
	000513fd ~~k_attach_events
	000514b3 ~~k_unattach_events
	00051573 ~~k_attach_process_events
	00051731 ~~k_alloc_message_arg
	00051774 ~~k_dealloc_message_arg
	000517bb ~~k_send_message
	000518e8 ~~k_send_window_message
	000519f3 ~~k_send_window_native_message
	00051ae3 ~~k_send_command_message
	00051bc1 ~~k_send_process_command_message
	00051ca5 ~~k_irq_device_event
	00051d7f ~~k_updateMouseState
	00051fc7 ~~k_create_process_msg
	00052037 ~~k_create_synthetic_window_msg
	000520d0 ~~k_create_msg
	000523bc ~~k_destory_msg
	0005241b ~~k_getKeyboardChar
	00052499 ~~k_register_idle_proc
	00052517 ~~k_unregister_idle_proc
	00052584 ~~k_process_idle_procs
	000525af ~~k_process_hi_idle_procs
	000525da ~~k_execute_idleprocs
	00052605 ~~DeviceChecks
	00052665 ~~IdleCleanup
	000527af ~~_kbd_ack
	00052813 ~~kbd_cmd_handling
	00052871 ~~_k_async_keyboard
	00052a16 ~~_k_async_debug
	00052af4 ~~_k_async_mouse
	00052720 ~~_kbd_wait
	000501fe ~~processMessageCracker
	000500b6 ~~Run
	00050078 ~~Query
	0005005b ~~Configure
	0005004b ~~Uninit
	00050028 ~~Init
	000529f6 ~~k_mouse_read
	000529bc ~~k_mouse_write
	0005292d ~~k_mouse_wait
	00007ed2 ~~_exit
	00007ed4 IRQ
	000a0000 ~~characterROMMapping
	000a0200 ~~fontSpace
	000a0240 ~~fontCursor
	000a0280 ~~fontImg
	000a8280 ~~windowChromeImg
	000a8580 ~~windowIconImg
	000a8d80 ~~Bm437ToshibaLCD8x8
	000a9582 ~~Bm437ATI8x16
	000aa584 ~~Bm437ATI6x8
	000aad86 ~~EGAFONT
	0005b000 ~~k_initialize
	0005b03d ~~k_isempty
	0005b090 ~~k_enqueue_with_lock
	0005b0b4 ~~k_dequeue_with_lock
	0005b0e2 ~~k_enqueue
	0005b213 ~~k_dequeue
	0005b2ff ~~k_debug_queue
	0005b33d ~~k_nodelist_create
	0005b41d ~~k_nodelist_ncreate
	0005b4f5 ~~k_nodelist_init
	0005b59c ~~k_nodelist_copy
	0005b615 ~~k_nodelist_add
	0005b66e ~~k_nodelist_addtohead
	0005b705 ~~k_nodelist_gettype
	0005b75d ~~k_nodelist_getname
	0005b7d2 ~~k_nodelist_getname_and_type
	0005b830 ~~k_nodelist_get
	0005b881 ~~k_nodelist_remove
	0005b93d ~~k_nodelist_remove_obj
	0005b97e ~~k_nodelist_remove_node
	0005ba36 ~~k_nodelist_data
	0005bab4 ~~k_nodelist_last
	0005bb37 ~~k_nodelist_foreach_data
	0005bb91 ~~k_nodelist_foreach_until_data
	0005bc03 ~~k_nodelist_foreach_listdata
	0005bc57 ~~k_nodelist_foreach_listdata_remove
	0005bda7 ~~k_nodelist_foreach_until_listdata
	0005be05 ~~k_nodelist_foreach_type
	0005be96 ~~k_nodelist_allocate_list
	0005bf13 ~~k_nodelist_getfirstnode
	0005bf63 ~~k_nodelist_empty
	0005bfbf ~~k_deallocate_default
	0005bfe8 ~~k_nodelist_deallocate_list
	0005c0e7 ~~k_nodelist_clear_list
	0005c1da ~~k_nodelist_naddtolist_tohead
	0005c221 ~~k_nodelist_addtolist_tohead
	0005c309 ~~k_nodelist_naddtolist
	0005c350 ~~k_nodelist_addtolist
	0005c438 ~~k_nodelist_addnodetolist
	0005c4f1 ~~k_nodelist_searchByName
	0005c54b ~~k_nodelist_searchByType
	0005c5a3 ~~k_nodelist_getlistname
	0005c5f3 ~~k_nodelist_removefromlist
	00070000 ~~cmd_TIME
	000700ad ~~cmd_Window
	0007010f ~~cmd_START
	000702ae ~~cmd_EXIT
	00070366 ~~cmd_RESUME
	0007041e ~~cmd_PAUSE
	000704d6 ~~cmd_DIR
	0007051e ~~cmd_VOL
	00070547 ~~cmd_TESTSD
	00070564 ~~cmd_WORKBENCH
	00070648 ~~cmd_CLEAR
	000706a2 ~~cmd_FCOLOR
	000706c9 ~~cmd_BCOLOR
	000706f0 ~~cmd_INIT
	000707af ~~cmd_TASKS
	00070a67 ~~cmd_FRONT
	00070a8e ~~cmd_BACK
	00070ab5 ~~cmd_CHRDIR
	00070adc ~~cmd_DISPLAY
	00070b03 ~~cmd_NEWDIR
	00070b9e ~~cmd_SEND
	00070c3f ~~cmd_LINEUP

