Section CODE:
	00010000 _BEG_CODE
	00010000 ~~disk_status
	00010057 ~~disk_initialize
	00010123 ~~disk_read
	00010207 ~~disk_write
	0001028a ~~disk_ioctl
	000102d2 ~~InitFXTools
	000102eb ~~__kernel_call
	00010364 ~~GetDirectory
	000103ab ~~DebugOut
	000103d4 ~~user_debug_string_com1
	000104c7 ~~sendbyte
	00010546 ~~getbyte
	000108b6 ~~floppy_drive_data
	00010aef ~~floppy_present
	00010d3f ~~floppy_check_int
	00011120 ~~floppy_read
	0001114b ~~floppy_write
	00011176 ~~floppy_init
	00011274 ~~floppy_isr
	0001128d ~~floppy_timer
	0001132c ~~k_fd_reset
	00011341 ~~k_fd_init
	000113de ~~k_fd_isreadable
	00011430 ~~k_fd_isready
	00011482 ~~k_fd_isbusy
	000114d0 ~~k_fd_isbusy_drive
	00011526 ~~k_fd_read_sector
	00010d96 ~~wait_til_ready
	000115dd ~~k_fd_rw_command
	00011552 ~~k_fd_read_lba
	00011095 ~~floppy_transfer_lba
	00011031 ~~floppy_transfer
	00010dd4 ~~floppy_transfer_try2
	00010b4d ~~floppy_transfer_try1
	00010a1b ~~floppy_seek
	000109ad ~~floppy_calibrate
	00010919 ~~floppy_select
	000108f4 ~~floppy_specify
	000107de ~~fdc_reset
	000107b2 ~~fdc_configure
	00010778 ~~motor_off
	00010705 ~~motor_on
	0001060c ~~fdc_wait
	00010598 ~~fdc_waitint
	0001043a ~~lba_2_chs
	00010423 ~~io_wait
	0001183a ~~listboxWindowProc
	00011f7e ~~k_initializeMenuManager
	00011fe8 ~~k_menu_CreateMenuResource
	00012086 ~~k_menu_FreemMenuResource
	0001210a ~~k_menu_CreateMenu
	0001218c ~~mainMenuWindowProc
	000122f6 ~~k_heap_integrity_check
	000123d1 ~~k_check_system_memory
	000124ee ~~k_fcheck_system_memory
	00012624 ~~k_mem_object_copy
	0001265a ~~k_mem_allocate_dynamic_heap
	0001267b ~~k_mem_deallocate_dynamic_heap
	00012693 ~~k_mem_lock_handle
	000126b4 ~~k_mem_unlock_handle
	000126cc ~~k_mem_allocate_heap
	00012758 ~~k_mem_deallocate_heap
	0001279f ~~k_calloc
	000127ce ~~k_free
	000127ee ~~umm_integrity_check
	00012e7e ~~umm_poison_malloc
	00012ecb ~~umm_poison_calloc
	00012f38 ~~umm_poison_realloc
	00012f95 ~~umm_poison_free
	00012fc1 ~~umm_poison_check
	000130cc ~~umm_info
	0001333a ~~umm_free_heap_size
	00013a18 ~~umm_init
	00013da3 ~~umm_free
	000141c2 ~~umm_malloc
	0001420f ~~umm_realloc
	00014784 ~~umm_calloc
	00013dde ~~umm_malloc_core
	00013bc6 ~~umm_free_core
	00013889 ~~umm_assimilate_down
	000136d9 ~~umm_assimilate_up
	00013533 ~~umm_disconnect_from_free_list
	000133b0 ~~umm_split_block
	00013360 ~~umm_blocks
	00012df8 ~~get_unpoisoned
	00012d69 ~~get_poisoned
	00012cbd ~~check_poison_block
	00012c67 ~~check_poison
	00012c42 ~~put_poison
	00012c1a ~~dump_mem
	00012bf1 ~~poison_size
	000147ea ~~CH376_PORT_INIT
	000147fa ~~xEndCH376Cmd
	0001480a ~~xReadCH376Status
	0001484b ~~xWriteCH376Cmd
	000148be ~~xWriteCH376Data
	000148e7 ~~xReadCH376Data
	00014915 ~~Query376Interrupt
	0001498f ~~mInitCH376Host
	00014a05 ~~CH376ReadBlock
	00014a6b ~~CH376WriteReqBlock
	00014ace ~~CH376WriteHostBlock
	00014b1e ~~CH376WriteOfsBlock
	00014b74 ~~CH376SetFileName
	00014cda ~~CH376Read32bitDat
	00014d86 ~~CH376ReadVar8
	00014dc0 ~~CH376WriteVar8
	00014def ~~CH376ReadVar32
	00014e22 ~~CH376WriteVar32
	00014e86 ~~CH376EndDirInfo
	00014ea0 ~~CH376GetFileSize
	00014ec1 ~~CH376GetDiskStatus
	00014ee5 ~~CH376GetIntStatus
	00014f11 ~~Wait376Interrupt
	00014f5d ~~CH376SendCmdWaitInt
	00014f90 ~~CH376SendCmdDatWaitInt
	00014fc9 ~~CH376DiskReqSense
	00014ffb ~~CH376DiskConnect
	0001502f ~~CH376DiskMount
	00015053 ~~CH376FileOpen
	000150ae ~~CH376FileCreate
	000150eb ~~CH376DirCreate
	00015146 ~~CH376SeparatePath
	000151d6 ~~CH376FileOpenDir
	000152f1 ~~CH376FileOpenPath
	00015321 ~~CH376FileCreatePath
	000153c7 ~~CH376FileErase
	0001549a ~~CH376FileClose
	000154c8 ~~CH376DirInfoRead
	000154ef ~~CH376DirInfoSave
	00015513 ~~CH376ByteLocate
	00015582 ~~CH376ByteRead
	0001562e ~~CH376ByteWrite
	000156da ~~CH376SecLocate
	0001573b ~~mDelayuS
	0001576e ~~mDelaymS
	000157a9 ~~k_initalize_executive
	000158c0 ~~k_deallocate_process_task
	000158d8 ~~debug_process_node
	0001597e ~~k_exec_process_list
	0001599e ~~k_exec_nextprocess
	00015a35 ~~k_exec_get_process
	00015ab7 ~~k_exec_get_process_byname
	00015b2c ~~k_exec_set_process_foreground
	00015b58 ~~k_exec_start_process
	00015bd4 ~~k_user_CreateProcess
	00015c2a ~~k_exec_launchProcess
	00015d38 ~~k_exec_createProcess
	00015e9b ~~k_exec_set_current_process
	00015ecd ~~k_exec_get_current_process
	00015ee5 ~~k_exec_setContext
	00015f06 ~~k_exec_getContext
	00015f27 ~~k_exec_signal_sleep
	00015f57 ~~k_exec_signal_terminate
	00015f87 ~~k_exec_signal_start
	00015fb7 ~~k_exec_signal_wait
	00015fe7 ~~k_exec_set_signal
	0001608c ~~k_exec_throw_exception
	00016119 ~~k_exec_enable_process_timer
	00016243 ~~k_delay_nop
	0001625d ~~k_delay_1
	00016287 ~~k_delay_1ms
	0001629b ~~sleep
	000162cf ~~k_getFXOSVersionName
	000162e7 ~~k_getZeroPage
	00016300 ~~k_getKernelTrapTable
	00016318 ~~k_initializeZeroPage
	00016368 ~~k_report_configuration
	00016552 ~~k_delay
	00016599 ~~k_debug_string
	000165b9 ~~k_DebugOutString
	000165d3 ~~k_debug_nstring
	000165f5 ~~k_debug_string_com1
	00016653 ~~k_debug_string_com2
	000166b1 ~~k_debug_nstring_com1
	00016716 ~~k_debug_nstring_com2
	0001677b ~~k_debug_pointer
	0001682f ~~k_debug_char
	00016874 ~~k_debug_integer
	000168bc ~~k_debug_integers
	0001692e ~~k_debug_integer_array
	000169c2 ~~k_debug_long
	00016a0c ~~k_debug_hex
	00016a54 ~~k_debug_message
	00016a86 ~~k_debug_strings
	00016aaa ~~k_debug_nmessage
	00016af2 ~~k_debug_nstrings
	00016b18 ~~k_debug_hexchar
	00016b8f ~~k_debug_on
	00016bc8 ~~k_debug_bits
	00016d08 ~~k_debug_byte_array
	00016d8f ~~k_debug_node
	00016e32 ~~k_debug_nodelist
	00016e7c ~~k_debug_nodelist_list
	00016eed ~~k_debug_nodelist_with_data
	00016f5a ~~k_debug_crlf
	00016f74 ~~k_debug_uart_status_com1
	000170dd ~~k_debug_uart_status_com2
	00017246 ~~k_debug_rect
	000172a7 ~~k_get_rtc_hour
	000172e0 ~~k_get_rtc_minute
	00017319 ~~k_get_rtc_second
	00017352 ~~k_get_rtc_month
	0001738b ~~k_get_rtc_day
	000173c4 ~~k_get_rtc_year
	000173fd ~~k_get_rtc_century
	00017436 ~~k_get_fpga_date_day
	0001745b ~~k_get_fpga_date_month
	00017480 ~~k_get_fpga_date_year
	000174a5 ~~k_get_c256_major_version
	000174d2 ~~k_get_c256_minor_version
	000174ff ~~k_user_IsOSDebug
	00017517 ~~k_user_EnableOSDebug
	00017530 ~~k_user_DisableOSDebug
	00017547 ~~k_initialize_text
	0001757d ~~k_init_spinner
	000175b2 ~~k_updatespinner
	000175fc ~~k_initialize_text_fonts
	00017665 ~~k_scroll_screen
	000177b4 ~~k_get_cols_visible
	000177ca ~~k_get_cols_per_line
	000177e0 ~~k_get_lines_visible
	000177f6 ~~k_get_lines_max
	0001780c ~~k_enable_text_mode
	000179f6 ~~k_enable_border
	00017a10 ~~k_disable_border
	00017a2a ~~k_set_border_color
	00017a74 ~~k_clear_screen
	00017aab ~~k_put_string
	00017af3 ~~k_put_string_buffer
	00017b2c ~~k_put_color
	00017b8d ~~k_put_char
	00017c09 ~~k_set_background
	00017c68 ~~k_set_text_font_page
	00017c80 ~~k_enable_text_cursor
	00017ce8 ~~k_set_cursor_position
	00017d28 ~~k_create_text_window
	00017df3 ~~k_text_mode_dialog
	00017f10 ~~k_window_draw
	000180df ~~k_window_draw_background
	00018196 ~~consoleWindowProc
	00018226 ~~DefConsoleProc
	00019502 ~~ObjectClicked
	000195ec ~~DefConsoleProc2
	00019793 ~~DefConsoleProc3
	000198bc ~~k_console_process_command
	00019a1d ~~token_to_string
	00019a4d ~~newToken
	00019aa5 ~~sig_walk
	00019b36 ~~getTokenSig
	00019b7c ~~tokenize
	0001a01c ~~strupr
	0001a065 ~~strlower
	0001a0ae ~~k_pad_string
	0001a138 ~~k_strcat
	0001a156 ~~k_strcpy
	0001a174 ~~k_inttodec
	0001a294 ~~k_longtosize
	0001a380 ~~k_longtodec
	0001a735 ~~k_bytetodec
	0001a814 ~~k_bytetohex
	0001a87e ~~k_strip_padding
	0001a8c7 ~~k_replace_padding
	0001a915 ~~k_replace_padding_until
	0001a969 ~~k_to_uppercase
	0001a9b2 ~~k_to_lowercase
	0001a9fb ~~k_itoa
	0001aa40 ~~k_string_itoa
	0001ab21 ~~k_reverse
	0001abc7 ~~k_string_trim
	0001abfb ~~k_string_rtrim
	0001ac6a ~~k_string_ltrim
	0001ad1e ~~k_string_indexOf
	0001ad84 ~~k_string_toString
	0001adb5 ~~k_string_copy_string
	0001ae37 ~~k_string_copy
	0001aeab ~~k_fxstring_init
	0001af45 ~~k_fxstring_reinit
	0001af99 ~~k_fxstring_new
	0001b05a ~~k_fxstring_free
	0001b0bf ~~k_fxstring_size
	0001b0ea ~~k_fxstring_length
	0001b123 ~~k_fxstring_position
	0001b151 ~~k_fxstring_addchar
	0001b1b3 ~~k_fxstring_removechar
	0001b23f ~~k_fxstring_add
	0001b2ad ~~k_fxstring_fxadd
	0001b2ca ~~k_fxstring_as
	0001b302 ~~k_fxstring_at
	0001b31f ~~k_fxstring_equals
	0001b36a ~~k_fxstring_copy_string
	0001b3af ~~k_fxstring_from_long
	0001b3f9 ~~k_string_append_integer
	0001b468 ~~k_string_replace
	0001b585 ~~k_get_date_string
	0001b66f ~~k_get_localtime_string
	0001b783 ~~k_wcstombs
	0001b7d9 ~~k_uart_select
	0001b7fb ~~k_uart_setbaud
	0001b821 ~~k_uart_setbaud_com1
	0001b854 ~~k_uart_setbaud_com2
	0001b887 ~~k_uart_setctl
	0001b897 ~~k_uart_setctl_com1
	0001b8a6 ~~k_uart_setctl_com2
	0001b8b5 ~~k_uart_init
	0001b8d2 ~~k_uart_init_com1
	0001b8f1 ~~k_uart_init_com2
	0001b910 ~~k_uart_dataready
	0001b927 ~~k_uart_getbyte
	0001b93e ~~k_uart_putbyte
	0001b957 ~~k_uart_putstring
	0001b967 ~~k_uart_enableirq
	0001b998 ~~k_uart_enableirq_ports
	0001ba01 ~~k_uart_poll
	0001ba1a ~~k_init_superio
	0001bb1a ~~k_init_keyboard
	0001bc46 ~~k_sd_init
	0001bd99 ~~k_sd_ismounted
	0001bcc5 ~~k_sd_dir
	0001c18d ~~BRKHandler
	0001c49e ~~COPHandler
	0001c534 ~~IRQHandler
	0001c5a8 ~~k_dispatch_reg0
	0001c8f7 ~~k_dispatch_reg1
	0001cc53 ~~k_dispatch_reg2
	0001cdc8 ~~k_dispatch_reg3
	0001ce26 ~~k_get_mouse_button
	0001ce45 ~~k_get_mouse_pos_X
	0001ce7b ~~k_get_mouse_pos_Y
	0001cebb fadc
	0001ceb1 ~~~fadc
	0001cfd1 ~~~ffix
	0001d046 ~~~fflt
	0001d08b ~~~fmul
	0001d16d doFNorm
	0001d21d ~~abs
	0001d231 ~~atoi
	0001d2c5 ~~atol
	0001d38c ~~memcpy
	0001d3bb ~~memmove
	0001d41b ~~memset
	0001d447 ~~rand
	0001d488 ~~srand
	0001d4a8 ~~strcat
	0001d4f3 ~~strcmp
	0001d528 ~~strcpy
	0001d54d ~~strlen
	0001d56b ~~strncpy
	0001d59e ~~strstr
	0001d5f5 ~~strtok
	0001d672 ~~tolower
	0001d68d ~~toupper
	0001d6a8 ~~~asl
	0001d6b0 ~~~asr
	0001d6c1 ~~~casl
	0001d6cd ~~~div
	0001d6f1 ~~~fmov
	0001d712 ~~~fsw
	0001d73c ~~~lasl
	0001d76b ~~~lasr
	0001d7a9 ~~~lcal
	0001d7b1 ~~~ldiv
	0001d7ff ~~~llsr
	0001d82f ~~~lmul
	0001d87b ~~~lsr
	0001d883 ~~~ludv
	0001d89d ~~~lumd
	0001d8b2 ~~~mod
	0001d8d6 ~~~mul
	0001d917 ~~~swt
	0001d938 ~~~udv
	0001d96c ~~strpbrk
	0001d9ad ~~strspn
	0001d9de ~~~comdiv
	0001da1f _END_CODE

Section DATA:
	00020000 _BEG_DATA
	00020014 ~~fun
	00020012 ~~doop
	00020010 ~~operator
	0002000e ~~d2
	0002000c ~~d1
	00020008 ~~pTextBox
	00020004 ~~hWndInstancePalette
	00020000 ~~hWndInstance
	0002022c ~~DRIVER_B2Console
	000202f6 ~~DRIVER_FMXSDCard
	00020cbe ~~DRIVER_B2SDCard
	00020cba ~~pdiskCache
	00020cb9 ~~_mount_lock
	00020cb6 ~~sd_card_dir_string
	00020d6f ~~diskioDevices
	00020dc8 ~~ExCvt
	00020d87 ~~VolumeStr
	00020e9a ~~int_use_intr_flag
	00020e9b ~~pio_reg_addrs
	00020ebf ~~pio_xfer_width
	0002132d ~~irq_signaled
	0002132f ~~floppybufferIndex
	0002132e ~~cur_drive
	00021b21 ~~tempX
	00021b23 ~~tempY
	00021b25 ~~textData
	000228bf ~~selectionChanged
	00021b38 ~~cIndexDebugWindow
	00021b36 ~~dcount
	00022a71 ~~_k_windowManagerMetrics
	00022a6d ~~_k_NT_currentZ
	00022a69 ~~_k_NT_HighNode
	00022a65 ~~_k_NT_HighRect
	00022a61 ~~_k_NT_currentFocus
	00022a5d ~~_k_NT_currentHover
	00022a59 ~~_k_windowManager_CurrentHit
	00022a55 ~~_k_windowManager_DesktopWindow
	00022a51 ~~_k_windowManager_CursorList
	00022a4d ~~_k_windowManager_FontList
	00022a49 ~~_k_windowManager_IconList
	00022a45 ~~_k_windowManager_WindowMenuList
	00022a41 ~~_k_windowManager_ObjectHitList
	00022a3d ~~_k_windowManager_WindowRedrawList
	00022a39 ~~_k_windowManager_WindowObjectList
	00022a35 ~~_k_windowManager_WindowClassList
	00022a31 ~~_k_windowManager_RectIntersect
	00022a2d ~~_k_windowManager_RectSelectList
	00022a29 ~~_k_windowManager_RectList
	00024bf9 ~~listtext
	00025197 ~~heap_start
	0002519b ~~heap_end
	00025193 ~~THIS_MODULE
	00025281 ~~umm_heap
	00025285 ~~umm_numblocks
	00025561 ~~_k_dos_devicedrivers
	0002555d ~~sectorBuffer
	000260e4 ~~_k_exec_context
	000260e8 ~~_k_exec_error
	000260f8 ~~THIS_MODULE
	000260f4 ~~_k_execManager_ProcesssList
	000260f0 ~~_exec_Process
	000260ec ~~_k_current_Process
	0002631c ~~_k_isOSDebug
	000262ff ~~FXOSVERSIONSTRING
	000262fb ~~FXOSVERSION
	000265d7 ~~tokentypeNames
	000265d5 ~~cursorCurrentColor
	000265d3 ~~cursorFlashInterval
	000265cf ~~consolespinner
	00026573 ~~console_command_proc
	00026496 ~~console_commands
	00026494 ~~_k_window_index
	00026fb3 ~~MOUSE_POINTER_HELP
	000270b3 ~~MOUSE_POINTER_HOURGLASS
	000271b3 ~~MOUSE_POINTER_ARROW
	000272b3 ~~MOUSE_POINTER_RESIZE
	000273b3 ~~MOUSE_POINTER_EMPTY
	00027503 ~~BG_FILL_LINE_EVEN
	000274b3 ~~BG_FILL_LINE_ODD
	00026f73 ~~TEXT_BG_COLORS
	00026f33 ~~TEXT_FG_COLORS
	00026f2f ~~TITLE_LINES_640x480
	00026f2e ~~TEXT_CAPTION_BLOCK
	00027d1d ~~bytetosize
	00027d13 ~~bytetodec
	00027d03 ~~bytetohex
	00027d91 ~~line
	00027d9d ~~pAPGMPTR
	00027d99 ~~THIS_MODULE
	00027d95 ~~mainspinner
	00027d93 ~~msp
	00028103 ~~initHD
	00028104 ~~_k_keyCodesSet
	0002815d ~~_k_keyCodesShiftSet
	000281b6 ~~_k_keyCodesExtSet
	000280ff ~~THIS_MODULE
	000280fd ~~_subTick
	000280f9 ~~_k_eventQueue
	000280f5 ~~_k_hWndFocus
	000280f4 ~~_k_bNCLockedFocus
	000280f0 ~~_k_hLockedFocus
	000280ec ~~_k_system_timer
	000280e8 ~~_k_eventManager_IdleProcList
	000288fc ~~boxtop
	00028943 ~~boxbottom
	0002898a ~~boxside
	0002898e ~~_pseudo_timer
	00028992 ~~_system_timer
	0002898d ~~_k_shiftKeyMode
	0002898c ~~_k_extendedKeyMode
	000288fb ~~_k_last_scancode
	000288f7 ~~_irq_ktick
	000288f6 ~~_irq_statusReg
	000288f4 ~~_irq_keyboardTimeout
	000288f3 ~~_irq_currentKeyPress
	000288f2 ~~_irq_keyboardBufferIndex
	000288c8 ~~_irq_keyboardBuffer
	00028a03 ~~bExceptionStatus
	000289ff ~~THIS_MODULE
	00028c31 ~~consoleAppOffset
	00028f14 FltErr
	00028f16 ~~_ctype
	00029017 ~~_randseed
	0002901b _END_DATA

Section UDATA:
	0002901b _BEG_UDATA
	0002901b ~~sectorBuffer
	0002921b ~~lastdiskInfo
	0002924f ~~sectorBuffer
	0002944f ~~buf
	0002948f ~~Fsid
	00029491 ~~FatFs
	000294b5 ~~pio_bmide_base_addr
	000294b9 ~~reg_config_info
	000294bd ~~reg_cmd_info
	000294e6 ~~int_bmide_status
	000294e7 ~~int_ata_status
	000294b1 ~~tmr_cmd_start_time
	000294e8 ~~floppybuffer
	000296e8 ~~status
	000296ef ~~status_sz
	000296f1 ~~motoff_timer
	000296f3 ~~drives
	0002970b ~~reg_sr2
	0002970c ~~reg_sr1
	0002970d ~~reg_sr0
	0002970e ~~reg_dor
	0002970f ~~popupMessage
	0002974f ~~f
	0002975f ~~e
	0002976f ~~d
	0002977f ~~c
	0002978f ~~b
	0002979f ~~a
	000297af ~~p
	000297b7 ~~yoffset
	000297b9 ~~xoffset
	000297bb ~~yscale
	000297bd ~~xscale
	000297bf ~~_k_windowManager_StdPointers
	000297df ~~_k_NT_HighIntersect
	000297ed ~~_k_lists
	000297f9 ~~ummHeapInfo
	00029819 ~~fxdosDevice
	00029adf ~~longnameBuffer
	00029bde ~~longnamecount
	00029c5f ~~_k_exec_message
	00029bdf ~~_k_processList
	00029c9f ~~KERNEL_FUNCTION_TABLE
	00029ca3 ~~k16buffer
	00029cb3 ~~consoleBuffer
	0002bc33 ~~consolespinctx
	0002bc39 ~~_k_window_list
	0002cf49 ~~_k_guiCacheSlots
	0002cf85 ~~_k_currentPalatte
	0002cfb7 ~~_k_mouseState
	0002cfce ~~eventProcess
	0002d3ce ~~eventProcs
	0002d7d2 _END_UDATA

Section dtacsry:
	000b0000 _BEG_DTACSRY
	000b129f _END_DTACSRY

Section b2console:
	0008c000 _BEG_B2CONSOLE
	0008c07c _END_B2CONSOLE

Section fmxsdcard:
	0008a000 _BEG_FMXSDCARD
	0008b155 _END_FMXSDCARD

Section ffdos:
	00080000 _BEG_FFDOS
	00085729 _END_FFDOS

Section heapfar:
	00190000 _BEG_HEAPFAR
	00190019 _END_HEAPFAR

Section heapnear:
	00060000 _BEG_HEAPNEAR
	00060019 _END_HEAPNEAR

Section fxhdd:
	00038ffe _BEG_FXHDD
	0003bda2 _END_FXHDD

Section dtop:
	00077fff _BEG_DTOP
	0007b043 _END_DTOP

Section winman:
	00040000 _BEG_WINMAN
	00049990 _END_WINMAN

Section fxdos:
	00087fff _BEG_FXDOS
	00089c01 _END_FXDOS

Section gui:
	00030000 _BEG_GUI
	00038294 _END_GUI

Section entry:
	0004f000 _BEG_ENTRY
	0004f7bb _END_ENTRY

Section evtman:
	00050000 _BEG_EVTMAN
	000524db _END_EVTMAN

Section startup:
	00007d00 _BEG_STARTUP
	00007f19 _END_STARTUP

Section vectors:
	0000ffe4 _BEG_VECTORS
	00010000 _END_VECTORS

Section fonts:
	000a0000 _BEG_FONTS
	000add90 _END_FONTS

Section nodeman:
	0005b000 _BEG_NODEMAN
	0005c626 _END_NODEMAN

Section concmd:
	00070000 _BEG_CONCMD
	00070c9e _END_CONCMD

ABSOLUTES:
	000b0000 ~~FXCalculator
	000b013e ~~CalculatorWindowProc
	000b088f ~~FXPaletteAccessory
	000b09d1 ~~foreach_colors
	000b0a60 ~~deallocate_rect
	000b0a89 ~~drawSwatchInfo
	000b0bb3 ~~PaletteWindowProc
	0008c067 ~~f_driver_unload
	0008c04a ~~f_driver_write
	0008c02d ~~f_driver_read
	0008c000 ~~f_driver_load
	0008a000 ~~k_read_sd_sector
	0008a031 ~~readSDSector
	0008a0f0 ~~writeSDSector
	0008a17f ~~readCluster
	0008a23b ~~k_read_volume_name
	0008a2f2 ~~k_pc_initialize
	0008a31d ~~k_sd_initialize
	0008a39c ~~k_sd_check_drive
	0008abe4 ~~k_sd_dos_init
	0008ac6c ~~k_hd_dos_init
	0008acbe ~~k_fd_dos_init
	0008acef ~~k_read_fd_sector
	0008ad42 ~~k_sd_status
	0008ad57 ~~k_sd_ispresent
	0008ad9c ~~k_sd_waitforirq
	0008adb1 ~~k_sd_mount
	0008ade2 ~~k_sd_openfile
	0008ae1b ~~k_sd_setfilename
	0008ae54 ~~k_sd_read_dir
	0008ae6d ~~k_sd_search_dir
	0008ae85 ~~k_read_disk_sector
	0008aea2 ~~k_sd_cmd_and_irq
	0008aebf ~~k_sd_disk_req_sense
	0008aed4 ~~k_sd_read_vol
	0008aef1 ~~k_sd_write_file
	0008af0e ~~k_sd_read_file
	0008af2b ~~k_sd_create_dir
	0008af48 ~~k_sd_getdirinfo
	0008af65 ~~k_sd_delete
	0008af82 ~~k_sd_close
	0008af9f ~~k_sd_sendcmd
	0008afb7 ~~k_sd_senddta
	0008afcf ~~k_sd_cmd_delay
	0008afdf ~~k_sd_dta_delay
	0008afef ~~k_sd_createfile
	0008b00c ~~k_sd_read_block
	0008b029 ~~k_sd_write_host_block
	0008b041 ~~k_sd_write_ofs_blocks
	0008b059 ~~k_sd_byte_locate
	0008b076 ~~k_sd_byte_read
	0008b093 ~~k_sd_byte_write
	0008b0b0 ~~k_sd_write_req_block
	0008b0cd ~~k_sd_test
	00082d29 ~~f_mount
	00082de8 ~~f_open
	00083270 ~~f_read
	0008368f ~~f_write
	00083b97 ~~f_sync
	00083d2f ~~f_close
	00083d83 ~~f_lseek
	00084266 ~~f_opendir
	00084365 ~~f_closedir
	000843a8 ~~f_readdir
	0008443f ~~f_stat
	000844c6 ~~f_getfree
	0008470a ~~f_truncate
	000848eb ~~f_unlink
	00084a5c ~~f_mkdir
	00084cd4 ~~f_rename
	00084f17 ~~f_gets
	00085135 ~~f_putc
	0008517c ~~f_puts
	000851df ~~f_printf
	00085104 ~~putc_init
	00085094 ~~putc_flush
	00084fd8 ~~putc_bfd
	00082c7b ~~validate
	0008257f ~~mount_volume
	00082373 ~~find_volume
	00082243 ~~check_fs
	00082071 ~~get_ldnumber
	00081efc ~~follow_path
	00081ce6 ~~create_name
	00081b94 ~~get_fileinfo
	00081b2f ~~dir_remove
	00081a90 ~~dir_register
	00081988 ~~dir_find
	00081869 ~~dir_read
	00081803 ~~st_clust
	00081773 ~~ld_clust
	000816b0 ~~dir_alloc
	000813fc ~~dir_next
	000811bd ~~dir_sdi
	000810e7 ~~dir_clear
	00080dcc ~~create_chain
	00080c43 ~~remove_chain
	000808fd ~~put_fat
	0008068d ~~get_fat
	000805fe ~~clst2sect
	00080485 ~~sync_fs
	000803fa ~~move_window
	00080311 ~~sync_window
	000802e4 ~~dbc_2nd
	000802b7 ~~dbc_1st
	00080275 ~~chk_chr
	00080216 ~~mem_cmp
	000801df ~~mem_set
	00080193 ~~mem_cpy
	00080116 ~~st_dword
	000800d7 ~~st_word
	0008003b ~~ld_dword
	00080000 ~~ld_word
	00190000 ~~k_mem_get_heap_far
	00060000 ~~k_mem_get_heap_near
	00038ffe ~~k_ide_isbusy
	00039090 ~~k_ide_isready
	00039124 ~~k_ide_isdrq
	000391aa ~~ide_select_drive
	000391fd ~~k_ide_diagnostic
	0003923b ~~k_ide_init
	000392c6 ~~k_ide_get_info
	00039463 ~~k_ide_get_info_old
	00039604 ~~k_ide_wait
	00039640 ~~k_ide_poll
	000396e7 ~~k_read_lba_sector
	00039872 ~~k_read_lba_sector_old
	000399f6 ~~k_read_hd_sector
	00039a45 ~~k_ide_busy
	00039ac0 ~~k_ide_drive_ready
	00039b2c ~~k_ide_drive_ready_notbusy
	00039b44 ~~k_ide_not_drq
	00039b8a ~~k_ide_read_sector
	00039bf4 ~~reg_config
	0003a0f0 ~~reg_reset
	0003a545 ~~reg_non_data_lba28
	0003a5d7 ~~reg_non_data_lba48
	0003a66d ~~exec_pio_data_in_cmd
	0003a8bb ~~reg_pio_data_in_lba28
	0003a9a6 ~~reg_pio_data_in_lba48
	0003acfc ~~reg_pio_data_out_lba28
	0003add0 ~~reg_pio_data_out_lba48
	0003ae9b ~~reg_packet
	0003bd83 ~~SYSTEM_WAIT_INTR_OR_TIMEOUT
	0003aa71 ~~exec_pio_data_out_cmd
	0003a375 ~~exec_non_data_cmd
	0003bd1e ~~tmr_chk_timeout
	0003bcf6 ~~tmr_set_timeout
	0003b76c ~~pio_writeBusMstrStatus
	0003b734 ~~pio_writeBusMstrCmd
	0003b6f7 ~~pio_readBusMstrStatus
	0003b6bd ~~pio_readBusMstrCmd
	0003bc9f ~~pio_rep_outdword
	0003bc46 ~~pio_rep_indword
	0003bbf5 ~~pio_rep_outword
	0003bba9 ~~pio_rep_inword
	0003bb5e ~~pio_rep_outbyte
	0003bb14 ~~pio_rep_inbyte
	0003ba11 ~~pio_drq_block_out
	0003b90e ~~pio_drq_block_in
	0003b8d2 ~~pio_outdword
	0003b890 ~~pio_indword
	0003b85b ~~pio_outword
	0003b81f ~~pio_inword
	0003b7e6 ~~pio_outbyte
	0003b7a7 ~~pio_inbyte
	0003b635 ~~sub_wait_poll
	0003b4a5 ~~sub_select
	0003b441 ~~sub_trace_command
	0003b25f ~~sub_setup_command
	00077fff ~~DesktopEnvironmentProc
	00078122 ~~DesktopWindowProc
	000799cf ~~TextWindowProc
	00079d70 ~~preferencesWindowProc
	00079fcd ~~drawImage
	0007a1f6 ~~drawMandelbrot
	0007a368 ~~k_user_DisplayVolWindow
	0007a3b2 ~~foreach_file
	0007a466 ~~foreach_render_file
	0007a81a ~~desktopVolsWindowProc
	00040000 ~~k_user_get_object_list
	00040111 ~~k_user_FindRect
	0004031f ~~k_user_getOverLappedRect
	00040573 ~~k_user_getIntersectionRect
	000405c4 ~~k_user_isOverlappedRectPoints
	00040635 ~~k_user_isOverlappedRects
	000406c6 ~~k_deallocate_rect
	00040702 ~~k_deallocate_window_class
	00040742 ~~k_deallocate_window_object
	000408b6 ~~k_is_window_closed
	000408e7 ~~k_clean_closed_windows
	00040949 ~~k_initializeWindowManager
	00040d27 ~~k_update_focus_history
	00040d4e ~~find_window_caption
	00040dae ~~k_user_findWindow
	00040e0b ~~k_user_getDesktopWindow
	00040e42 ~~k_user_CenterWindow
	00040f11 ~~k_user_CenterBottomWindow
	00041009 ~~k_user_MoveWindow
	000411b6 ~~k_user_MoveWindow_ex
	000412fb ~~k_user_ResizeWindow_ex
	00041535 ~~k_getWindowManagerList
	0004154d ~~k_getWindowManagerClassList
	00041565 ~~k_getWindowManagerHitList
	0004157d ~~k_getWindowList
	000415a3 ~~k_getWindowClassList
	000415c9 ~~k_getWindowHitList
	000415ef ~~k_getHandleFromWindow
	0004160d ~~k_getWindowFromHandle
	0004162b ~~k_getWindowRect
	0004166d ~~k_user_RegisterMousePointerClass
	000416b0 ~~k_user_RegisterFontClass
	000416e5 ~~k_user_getFontClass
	00041745 ~~k_user_getMousePointerClass
	000417a5 ~~k_user_setMousePointer
	000417e7 ~~k_user_CreateWindowClass
	0004182a ~~k_user_CreateWindowClassEx
	0004192f ~~k_user_getWindowClass
	0004198b ~~k_user_GetFont
	000419d8 ~~k_user_GetWindowDrawingContext
	000419f9 ~~k_user_ReleaseWindowDrawingContext
	00041a11 ~~k_user_SelectFontIntoContext
	00041a29 ~~k_user_SelectColorIntoContext
	00041a41 ~~k_user_DrawText
	00041a5e ~~k_user_DrawWindowTextToPoint
	00041abb ~~k_user_DrawWindowTextToPointWithFont
	00041b19 ~~k_user_FillClientRect
	00041baa ~~k_user_RegisterWindowClass
	00041bcb ~~k_user_LoadDialog
	00041c17 ~~k_user_CloseWindow
	00041c70 ~~k_user_DestroyWindow
	00041eb1 ~~k_user_CreateWindow
	0004246e ~~k_user_CreateWindowEx
	00042626 ~~k_user_SetWindowTitle
	00042677 ~~k_user_SetWindowData
	0004270c ~~k_user_GetWindowData
	00042793 ~~k_user_SetRect
	000427cd ~~k_user_ClearRect
	0004280b ~~k_user_CopyRect
	00042857 ~~k_user_CreateMenuResource
	000428ba ~~k_user_AddMenuItem
	000429a7 ~~k_user_SetMenuItemAttribute
	000429de ~~k_user_CreateMenu
	00042cf5 ~~menuWindowProc
	00042fa0 ~~k_iterate_windows_for_move
	0004309c ~~k_iterate_windows_for_redraw
	000431ab ~~k_iterate_menus
	000432bf ~~k_iterate_set_menu_state
	00043321 ~~k_iterate_dropdown_menu_captions
	000433fb ~~k_user_CreateMenuAnchor
	000434e6 ~~menuAnchorWindowProc
	00043783 ~~k_func_drawAnchorText
	00043986 ~~k_size_dropdown_menus
	00043b7b ~~k_user_CreateMenuDropDown
	00043c96 ~~menuDropDownWindowProc
	000440d5 ~~k_user_CreateMsgBox
	0004416d ~~k_add_child_window
	00044269 ~~k_update_hover_location
	00044332 ~~k_user_getFocusWindow
	00044366 ~~find_child_window
	000443b8 ~~k_user_IsChildWindow
	0004443b ~~k_point_reset_current_top
	0004444b ~~k_attach_mouse_detection
	000444b5 ~~k_add_object_hit_node
	00044503 ~~k_attach_mouse_detection_local
	00044567 ~~k_add_object_hit_node_local
	000445a3 ~~k_point_in_nodeslist
	000445d5 ~~k_point_in_any_nodeslist
	00044a0d ~~k_point_in_depth_nodeslist
	00044cfb ~~k_point_hit_resetdepth_nodeslist
	00044d8a ~~k_point_hit_scan
	00044dd5 ~~k_point_hit_window
	00044e92 ~~k_point_hit_node
	00044f7f ~~k_point_hit_scan_nodeslist
	000450e8 ~~k_remove_closed_windows_from_list
	00045260 ~~k_user_ShowWindow
	0004527d ~~k_user_ClientToGlobalCoordinates
	000452d4 ~~k_user_GlobalToClientCoordinates
	0004532b ~~gadgetWindowProc
	000453bb ~~k_user_getSystemMetric
	00045514 ~~k_text_callback
	00045549 ~~k_render_text
	0004561d ~~_k_user_send_child_message
	0004568d ~~k_iterate_children
	00045708 ~~debug_window_node
	00045825 ~~debug_clickable_node
	00045956 ~~k_user_StartWindowForDrag
	00045a2b ~~k_user_EndWindowForDrag
	00045b4a ~~k_user_StartWindowForResize
	00045c1a ~~k_user_EndWindowForResize
	00045d5c ~~k_increment_activity
	00045dc3 ~~k_increment_z
	00045e04 ~~DlgWindowProc
	00045f14 ~~DlgAboutWindowProc
	0004625f ~~k_user_SetMenuState
	000462dd ~~k_switch_window_page
	000463d1 ~~k_copy_window_region
	000464c6 ~~k_copy_window_page_region
	00046588 ~~k_user_RedrawWindows
	000465b9 ~~k_user_MoveChildWindows
	000465fc ~~k_user_DrawInsetFrame
	00046662 ~~k_user_GetMousePoint
	0004669a ~~k_user_GetMouseClientPoint
	000466fa ~~DefWindowProc
	00047221 ~~k_user_CreateButton
	000472d1 ~~buttonDraw
	0004744c ~~buttonWindowProc
	0004792f ~~k_user_CreateTextBox
	0004799a ~~textboxWindowProc
	00048037 ~~k_user_CreateVerticalScrollBar
	00048233 ~~vscrollbarWindowProc
	00048a0f ~~k_user_CreateHorizontalScrollbar
	00048aee ~~hscrollbarWindowProc
	0004944b ~~processSBCommand
	000494de ~~msgboxWindowProc
	0004086e ~~k_deallocate_menu_resource
	00040825 ~~k_deallocate_icon_object
	00040374 ~~intersection
	00040256 ~~k_iterate_rect_overlaps
	000401b2 ~~k_user_RectToPoint
	00040143 ~~k_user_GetSelectedRect
	00040030 ~~k_iterate_rect_objects
	000404b0 ~~k_iterate_rect_intersections
	0004089e ~~k_deallocate_cursor_object
	00040886 ~~k_deallocate_font_object
	0004083d ~~k_deallocate_hit_class
	0004080d ~~k_deallocate_menu_object
	00087fff ~~k_dos_load_drivers
	000883c4 ~~k_create_dos_device
	00088c2f ~~_k_dos_alloc_filename
	00088d13 ~~k_dos_dealloc_filelist
	00088d8f ~~_k_dos_alloc_fileinfo
	00088e2c ~~k_dos_foreach_file
	00088ea0 ~~k_dos_alloc_short_name
	00088ff1 ~~k_dos_get_name
	000894c5 ~~k_dos_deallocate_long_entry
	00089515 ~~k_dos_read_file
	00089788 ~~k_read_dos_directory
	00089981 ~~getDeviceClusterLocationByIndex
	00089b03 ~~getClusterLocationByIndex
	00089b81 ~~k_GetDirectory
	00030000 ~~k_new_RECT
	0003004c ~~k_new_RECTP
	000300a0 ~~k_ToRECT
	000300fb ~~k_ToRECTP
	00030153 ~~k_gui_init_image_cache_slot
	00030184 ~~k_gui_alloc_image_cache_slot
	000301d5 ~~k_gui_free_image_cache_slot
	00030202 ~~k_gui_set_image_cache
	00030313 ~~k_gui_get_image_cache
	000305b4 ~~k_copy_rect
	00030600 ~~k_set_rect
	0003063a ~~k_is_overlapped_rect
	000306c0 ~~k_is_overlapped_rect_points
	00030731 ~~k_is_inside_rect
	000307b4 ~~k_gui_get_pixel_offset
	000307e1 ~~k_gui_get_pixel_offset_width
	00030840 ~~k_set_foreground_palette
	00030862 ~~k_set_text_gamma
	00030898 ~~k_set_text_color
	000308c4 ~~k_set_text_colors
	00030914 ~~setColors
	000310de ~~defineGrayPalette
	00031235 ~~k_getUIBackgroundColor
	0003124a ~~k_getUIDesktopColor
	0003125f ~~k_getUIFontColor
	00031274 ~~k_getUIFontSelectedColor
	00031289 ~~k_getUIHighlightColor
	0003129e ~~k_getUIWindowFrameColor
	000312b3 ~~k_getUIWindowBorderColor
	000312c8 ~~k_getUIWindowShadowColor
	000312dd ~~k_getUIMenuColor
	000312f2 ~~k_getUIGadgetColor
	00031307 ~~k_getUIColor
	0003134f ~~k_draw_pixel
	000313d5 ~~k_draw_pixel_front
	0003145b ~~k_draw_pixel_back
	000314e1 ~~k_draw_pixel_D0
	0003152f ~~k_draw_pixel_ex
	000315b5 ~~k_draw_segments
	0003176d ~~k_draw_filled_segments
	0003199d ~~k_draw_circle
	00031a3e ~~k_draw_filled_circle
	00031adf ~~k_draw_line
	00031b08 ~~k_draw_line_ex
	00031c7f ~~k_draw_line_with_pattern
	00031d8c ~~k_draw_rect_slow
	00031dec ~~k_draw_rect
	00031e54 ~~k_draw_rect_ex
	00031eb0 ~~k_draw_filled_rect_slow
	00031ec8 ~~k_put_draw_text
	00031ef0 ~~k_draw_text
	00031f36 ~~k_draw_text_point_ex
	00031ff5 ~~k_draw_text_point
	00032079 ~~k_gui_DrawText
	00032274 ~~k_draw_text_point_with_font_ex
	000322fd ~~k_draw_text_point_with_font
	00032384 ~~k_draw_text_scaled
	000323cc ~~k_get_font_metrics
	000323f8 ~~k_put_font_point
	0003253f ~~k_put_binary_font_point
	000328c7 ~~k_put_binary_variablefont_point
	000329c1 ~~k_put_binary_variablefont_point_ex
	00032b12 ~~k_put_wingadget_point
	00032c0b ~~k_gui_DrawWidget
	00032c6c ~~k_put_wingadget_point_ex
	00032db0 ~~k_put_winicon_point
	00032ed5 ~~k_put_winicon_point_ex
	00032ffc ~~k_put_winicon_scaled
	00033162 ~~k_put_font
	000332f7 ~~k_put_font_scaled
	000334b8 ~~k_draw_char
	000335dd ~~k_draw_char_scaled
	00033774 ~~k_draw_char_scaled_point
	000338ff ~~k_draw_lines
	000339ba ~~k_draw_fontset
	00033a75 ~~k_fill_line
	00033adf ~~k_vdraw_filled_rect
	00033b82 ~~k_draw_filled_rect
	00033c25 ~~k_create_ui_window_class
	00033d46 ~~k_HWNDToWINRECT
	00033d9b ~~k_gui_size_nonclient_area
	00033efa ~~k_vdraw_ui_window
	00033f31 ~~k_gui_DrawWindow
	00034a2a ~~k_vdraw_ui_window_ex
	000353fa ~~k_draw_menu
	00035506 ~~k_vdraw_ui_menu
	0003553f ~~k_vdraw_ui_menu_ex
	00035663 ~~k_vdraw_ui_menu_with_rect
	00035733 ~~k_gadget_title_front_callback
	0003577e ~~k_gadget_title_back_callback
	000357c9 ~~k_render_menu
	0003594d ~~k_draw_ui_window
	00035b47 ~~k_paint_brush_rect
	00035c42 ~~k_paint_brush_at_address
	00035d96 ~~k_vdma_move_rect
	00035ea5 ~~k_vdma_fill_rect_ex
	00036028 ~~k_vdma_fill_rect
	00036055 ~~k_vdma_fill_address_old
	00036228 ~~k_vdma_fill_address
	00036373 ~~k_vdma_fill_address_ex
	000364b4 ~~k_vdma_fill
	0003661e ~~k_enable_bitmap_mode
	000367a8 ~~k_get_video_mode
	0003682a ~~k_gui_cache_desktop_widgets
	000368a0 ~~k_init_desktop
	00036954 ~~k_create_context_menus
	00036acf ~~k_create_context_menu
	00036c2c ~~k_create_context_menu_in_window_ex
	00036f7f ~~k_create_context_menu_in_window
	00037215 ~~k_render_context_menu
	0003738e ~~k_free_context_menu
	000373fd ~~k_bitblt
	000375d9 ~~k_memory_bitblt
	00037894 ~~k_shadow_fill_rect_address
	000379a9 ~~k_shadow_fill_rect
	000379d5 ~~k_shadow_bitblt
	00037b4f ~~k_scratch_save_bitblt
	00037cf2 ~~k_scratch_restore_bitblt
	00037ec1 ~~k_font_getFontHeight
	00037ed6 ~~k_font_getFontWidth
	00037eeb ~~k_gui_set_mousepointer
	00037f50 ~~k_gui_init_mousepointer
	00037fe9 ~~k_vdma_copy_address_ex
	0003816c ~~k_gui_get_title_cache
	0003818c ~~k_gui_build_title_cache
	0004f000 ~~ReportMemory
	0004f0bf ~~SpinMemory
	0004f123 ~~DeallocateNodeListString
	0004f171 ~~main
	0004f547 ~~k_level_test
	00050000 ~~k_get_systemtimer
	00050028 ~~k_initalize_event_manager
	00050094 ~~k_signal_sol_event
	000500ac ~~k_event_lock_focus
	000500dc ~~k_event_lock_focus_ex
	00050127 ~~k_event_get_focus_window
	0005013f ~~k_event_get_locked_focus
	00050157 ~~k_event_unlock_focus
	000501a1 ~~k_event_loop
	000508c9 ~~k_isNonClient
	00050964 ~~IdleProc
	0005099e ~~k_do_procs
	00050a04 ~~DoWndProcs
	00050d0b ~~k_do_processes
	000513b6 ~~k_attach_events
	0005146c ~~k_unattach_events
	0005152c ~~k_attach_process_events
	000516ea ~~k_alloc_message_arg
	0005172d ~~k_dealloc_message_arg
	00051774 ~~k_send_message
	000518a1 ~~k_send_window_message
	000519ac ~~k_send_command_message
	00051a8a ~~k_send_process_command_message
	00051b6e ~~k_irq_device_event
	00051c3c ~~k_updateMouseState
	00051e84 ~~k_create_process_msg
	00051ef4 ~~k_create_synthetic_window_msg
	00051f8e ~~k_create_msg
	0005226e ~~k_destory_msg
	000522cd ~~k_getKeyboardChar
	00052352 ~~k_register_idle_proc
	000523a8 ~~k_unregister_idle_proc
	00052415 ~~k_process_idle_procs
	00052456 ~~k_execute_idleprocs
	00052481 ~~IdleCleanup
	00007ece ~~_exit
	00007ed0 IRQ
	000a0000 ~~characterROMMapping
	000a0200 ~~fontSpace
	000a0240 ~~fontCursor
	000a0280 ~~fontImg
	000a8280 ~~windowChromeImg
	000a8580 ~~windowIconImg
	000a8d80 ~~Bm437ToshibaLCD8x8
	000a9582 ~~Bm437ATI8x16
	000aa584 ~~Bm437ATI6x8
	000aad86 ~~BM437TINYTYPE8x8
	000ab588 ~~BM437FANTASY
	000abd8a ~~BM437AMIGO8x8
	000ac58c ~~BM4378X8ITAL
	000acd8e ~~BM437FXOS8x8
	000ad590 ~~EGAFONT
	0005b000 ~~k_initialize
	0005b03d ~~k_isempty
	0005b090 ~~k_enqueue_with_lock
	0005b0b4 ~~k_dequeue_with_lock
	0005b0e2 ~~k_enqueue
	0005b246 ~~k_dequeue
	0005b332 ~~k_debug_queue
	0005b370 ~~k_nodelist_create
	0005b450 ~~k_nodelist_ncreate
	0005b528 ~~k_nodelist_init
	0005b5cf ~~k_nodelist_copy
	0005b648 ~~k_nodelist_add
	0005b6a1 ~~k_nodelist_addtohead
	0005b738 ~~k_nodelist_gettype
	0005b790 ~~k_nodelist_getname
	0005b805 ~~k_nodelist_getname_and_type
	0005b863 ~~k_nodelist_get
	0005b8b4 ~~k_nodelist_remove
	0005b970 ~~k_nodelist_remove_obj
	0005b9b1 ~~k_nodelist_remove_node
	0005ba69 ~~k_nodelist_data
	0005bae7 ~~k_nodelist_last
	0005bb6a ~~k_nodelist_foreach_data
	0005bbc4 ~~k_nodelist_foreach_until_data
	0005bc36 ~~k_nodelist_foreach_listdata
	0005bc8a ~~k_nodelist_foreach_listdata_remove
	0005bdda ~~k_nodelist_foreach_until_listdata
	0005be38 ~~k_nodelist_foreach_type
	0005bec9 ~~k_nodelist_allocate_list
	0005bf46 ~~k_nodelist_getfirstnode
	0005bf96 ~~k_nodelist_empty
	0005bff2 ~~k_deallocate_default
	0005c01b ~~k_nodelist_deallocate_list
	0005c11a ~~k_nodelist_clear_list
	0005c20d ~~k_nodelist_naddtolist_tohead
	0005c254 ~~k_nodelist_addtolist_tohead
	0005c33c ~~k_nodelist_naddtolist
	0005c383 ~~k_nodelist_addtolist
	0005c46b ~~k_nodelist_addnodetolist
	0005c524 ~~k_nodelist_searchByName
	0005c57e ~~k_nodelist_searchByType
	0005c5d6 ~~k_nodelist_getlistname
	00070000 ~~cmd_TIME
	000700ad ~~cmd_Window
	0007010f ~~cmd_START
	000702ae ~~cmd_EXIT
	00070366 ~~cmd_RESUME
	0007041e ~~cmd_PAUSE
	000704d6 ~~cmd_DIR
	0007051e ~~cmd_VOL
	00070547 ~~cmd_TESTSD
	00070564 ~~cmd_WORKBENCH
	00070648 ~~cmd_CLEAR
	000706a2 ~~cmd_FCOLOR
	000706c9 ~~cmd_BCOLOR
	000706f0 ~~cmd_INIT
	000707af ~~cmd_TASKS
	00070a67 ~~cmd_FRONT
	00070a8e ~~cmd_BACK
	00070ab5 ~~cmd_CHRDIR
	00070adc ~~cmd_DISPLAY
	00070b03 ~~cmd_NEWDIR
	00070b9e ~~cmd_SEND
	00070c3f ~~cmd_LINEUP

