Section CODE:
	00010000 _BEG_CODE
	00010000 ~~_k_initialize_call_table
	000104d2 ~~k_dos_get_devices
	000104f2 ~~k_dos_get_device
	00010522 ~~k_dos_get_device_status
	0001055d ~~disk_status
	0001066c ~~disk_initialize
	0001094d ~~disk_read
	00010adc ~~disk_write
	00010c03 ~~disk_ioctl
	00010c6e ~~DebugOut
	00010ca2 ~~DebugInteger
	00010cdb ~~DebugLong
	00010d14 ~~GetCurrentProcess
	00010d49 ~~TerminateProcess
	00010d8d ~~DebugStringN
	00010dc6 ~~DebugChar
	00010dff ~~DebugPointer
	00010e3a ~~DebugIntegerArray
	00010e77 ~~DebugHex
	00010eb0 ~~DebugHexChar
	00010ee9 ~~DebugBits
	00010f22 ~~DebugMode
	00010f57 ~~DebugByteArray
	00010f96 ~~DebugMessage
	00010fd1 ~~DebugString
	0001100c ~~DebugMessageN
	00011049 ~~HeapAlloc
	00011088 ~~HeapDealloc
	000110bf ~~GetDateHour
	000110ec ~~GetDateMinute
	00011119 ~~GetDateSecond
	00011146 ~~GetDateMonth
	00011173 ~~GetDateDay
	000111a0 ~~GetDateYear
	000111cd ~~GetDateCentury
	000111fa ~~CreateWindowClassEx
	00011253 ~~CreateWindow
	000112b0 ~~CreateWindowEx
	0001130d ~~GetDesktopWindow
	00011342 ~~DefaultWindowProc
	0001142a ~~sendbyte
	000114a9 ~~getbyte
	00011819 ~~floppy_drive_data
	00011a52 ~~floppy_present
	00011ca2 ~~floppy_check_int
	00012083 ~~floppy_read
	000120ae ~~floppy_write
	000120d9 ~~floppy_init
	000121d7 ~~floppy_isr
	000121f0 ~~floppy_timer
	0001228f ~~k_fd_reset
	000122a4 ~~k_fd_init
	00012341 ~~k_fd_isreadable
	00012393 ~~k_fd_isready
	000123e5 ~~k_fd_isbusy
	00012433 ~~k_fd_isbusy_drive
	00012489 ~~k_fd_read_sector
	00011cf9 ~~wait_til_ready
	00012540 ~~k_fd_rw_command
	000124b5 ~~k_fd_read_lba
	00011ff8 ~~floppy_transfer_lba
	00011f94 ~~floppy_transfer
	00011d37 ~~floppy_transfer_try2
	00011ab0 ~~floppy_transfer_try1
	0001197e ~~floppy_seek
	00011910 ~~floppy_calibrate
	0001187c ~~floppy_select
	00011857 ~~floppy_specify
	00011741 ~~fdc_reset
	00011715 ~~fdc_configure
	000116db ~~motor_off
	00011668 ~~motor_on
	0001156f ~~fdc_wait
	000114fb ~~fdc_waitint
	0001139d ~~lba_2_chs
	00011386 ~~io_wait
	0001279d ~~listboxWindowProc
	00012ee1 ~~k_initializeMenuManager
	00012f4b ~~k_menu_CreateMenuResource
	00012fe9 ~~k_menu_FreemMenuResource
	0001306d ~~k_menu_CreateMenu
	000130ef ~~mainMenuWindowProc
	00013259 ~~k_heap_integrity_check
	00013334 ~~k_check_system_memory
	00013451 ~~k_fcheck_system_memory
	00013587 ~~k_mem_object_copy
	000135bd ~~k_mem_allocate_dynamic_heap
	000135de ~~k_mem_deallocate_dynamic_heap
	000135f6 ~~k_mem_lock_handle
	00013617 ~~k_mem_unlock_handle
	0001362f ~~k_mem_allocate_heap
	000136bb ~~k_mem_deallocate_heap
	00013702 ~~k_calloc
	00013731 ~~k_free
	00013751 ~~umm_integrity_check
	00013de1 ~~umm_poison_malloc
	00013e2e ~~umm_poison_calloc
	00013e9b ~~umm_poison_realloc
	00013ef8 ~~umm_poison_free
	00013f24 ~~umm_poison_check
	0001402f ~~umm_info
	0001429d ~~umm_free_heap_size
	0001497b ~~umm_init
	00014d06 ~~umm_free
	00015125 ~~umm_malloc
	00015172 ~~umm_realloc
	000156e7 ~~umm_calloc
	00014d41 ~~umm_malloc_core
	00014b29 ~~umm_free_core
	000147ec ~~umm_assimilate_down
	0001463c ~~umm_assimilate_up
	00014496 ~~umm_disconnect_from_free_list
	00014313 ~~umm_split_block
	000142c3 ~~umm_blocks
	00013d5b ~~get_unpoisoned
	00013ccc ~~get_poisoned
	00013c20 ~~check_poison_block
	00013bca ~~check_poison
	00013ba5 ~~put_poison
	00013b7d ~~dump_mem
	00013b54 ~~poison_size
	0001574d ~~CH376_PORT_INIT
	0001575d ~~xEndCH376Cmd
	0001576d ~~xReadCH376Status
	000157ae ~~xWriteCH376Cmd
	00015821 ~~xWriteCH376Data
	0001584a ~~xReadCH376Data
	00015878 ~~Query376Interrupt
	000158f2 ~~mInitCH376Host
	00015968 ~~CH376ReadBlock
	000159ce ~~CH376WriteReqBlock
	00015a31 ~~CH376WriteHostBlock
	00015a81 ~~CH376WriteOfsBlock
	00015ad7 ~~CH376SetFileName
	00015c3d ~~CH376Read32bitDat
	00015ce9 ~~CH376ReadVar8
	00015d23 ~~CH376WriteVar8
	00015d52 ~~CH376ReadVar32
	00015d85 ~~CH376WriteVar32
	00015de9 ~~CH376EndDirInfo
	00015e03 ~~CH376GetFileSize
	00015e24 ~~CH376GetDiskStatus
	00015e48 ~~CH376GetIntStatus
	00015e74 ~~Wait376Interrupt
	00015ec0 ~~CH376SendCmdWaitInt
	00015ef3 ~~CH376SendCmdDatWaitInt
	00015f2c ~~CH376DiskReqSense
	00015f5e ~~CH376DiskConnect
	00015f92 ~~CH376DiskMount
	00015fb6 ~~CH376FileOpen
	00016011 ~~CH376FileCreate
	0001604e ~~CH376DirCreate
	000160a9 ~~CH376SeparatePath
	00016139 ~~CH376FileOpenDir
	00016254 ~~CH376FileOpenPath
	00016284 ~~CH376FileCreatePath
	0001632a ~~CH376FileErase
	000163fd ~~CH376FileClose
	0001642b ~~CH376DirInfoRead
	00016452 ~~CH376DirInfoSave
	00016476 ~~CH376ByteLocate
	000164e5 ~~CH376ByteRead
	00016591 ~~CH376ByteWrite
	0001663d ~~CH376SecLocate
	0001669e ~~mDelayuS
	000166d1 ~~mDelaymS
	00016779 ~~k_initalize_executive
	000168d0 ~~k_deallocate_process_task
	000168e8 ~~debug_process_node
	0001698e ~~k_exec_process_list
	000169ae ~~k_exec_nextprocess
	00016a45 ~~k_exec_get_process
	00016ac7 ~~k_exec_get_process_byname
	00016b3c ~~k_exec_set_process_foreground
	00016b68 ~~k_exec_start_process
	00016be4 ~~k_user_CreateProcess
	00016c3a ~~k_exe_device_load_process
	00016e30 ~~k_exec_launchProcess
	00016f4d ~~k_exec_createProcess
	000170b0 ~~k_exec_set_current_process
	000170e2 ~~k_exec_get_current_process
	000170fa ~~k_exec_setContext
	0001711b ~~k_exec_getContext
	0001713c ~~k_exec_signal_sleep
	0001716c ~~k_exec_signal_terminate
	0001719c ~~k_exec_signal_start
	000171cc ~~k_exec_signal_wait
	000171fc ~~k_exec_set_signal
	000172a1 ~~k_exec_throw_exception
	0001732a ~~k_exec_enable_process_timer
	0001675c ~~Query
	0001673f ~~Configure
	0001672f ~~Uninit
	0001670c ~~Init
	00017454 ~~k_delay_nop
	0001746e ~~k_delay_1
	00017498 ~~k_delay_1ms
	000174ac ~~sleep
	000174e0 ~~k_getFXOSVersionName
	000174f8 ~~k_getZeroPage
	00017511 ~~k_getKernelTrapTable
	00017529 ~~k_initializeZeroPage
	00017a7e ~~k_report_configuration
	00017c68 ~~k_delay
	00017caf ~~k_debug_string
	00017ccf ~~k_DebugOutString
	00017ce9 ~~k_debug_nstring
	00017d0b ~~k_debug_string_com1
	00017d69 ~~k_debug_string_com2
	00017dc7 ~~k_debug_nstring_com1
	00017e2c ~~k_debug_nstring_com2
	00017e91 ~~k_debug_pointer
	00017f45 ~~k_debug_char
	00017f8a ~~k_debug_integer
	00017fd2 ~~k_debug_integers
	00018044 ~~k_debug_integer_array
	000180d8 ~~k_debug_long
	00018122 ~~k_debug_hex
	0001816a ~~k_debug_message
	0001819c ~~k_debug_strings
	000181c0 ~~k_debug_nmessage
	00018208 ~~k_debug_nstrings
	0001822e ~~k_debug_hexchar
	000182a5 ~~k_debug_on
	000182de ~~k_debug_bits
	0001841e ~~k_debug_byte_array
	000184a5 ~~k_debug_node
	00018548 ~~k_debug_nodelist
	00018592 ~~k_debug_nodelist_list
	00018603 ~~k_debug_nodelist_with_data
	00018670 ~~k_debug_crlf
	0001868a ~~k_debug_uart_status_com1
	000187f3 ~~k_debug_uart_status_com2
	0001895c ~~k_debug_rect
	000189bd ~~k_get_rtc_hour
	000189f6 ~~k_get_rtc_minute
	00018a2f ~~k_get_rtc_second
	00018a68 ~~k_get_rtc_month
	00018aa1 ~~k_get_rtc_day
	00018ada ~~k_get_rtc_year
	00018b13 ~~k_get_rtc_century
	00018b4c ~~k_get_fpga_date_day
	00018b71 ~~k_get_fpga_date_month
	00018b96 ~~k_get_fpga_date_year
	00018bbb ~~k_get_c256_major_version
	00018be8 ~~k_get_c256_minor_version
	00018c15 ~~k_user_IsOSDebug
	00018c2d ~~k_user_EnableOSDebug
	00018c46 ~~k_user_DisableOSDebug
	00018c5d ~~k_initialize_text
	00018c93 ~~k_init_spinner
	00018cc8 ~~k_updatespinner
	00018d12 ~~k_initialize_text_fonts
	00018d7b ~~k_scroll_screen
	00018eca ~~k_get_cols_visible
	00018ee0 ~~k_get_cols_per_line
	00018ef6 ~~k_get_lines_visible
	00018f0c ~~k_get_lines_max
	00018f22 ~~k_enable_text_mode
	000190db ~~k_enable_border
	000190f5 ~~k_disable_border
	0001910f ~~k_set_border
	00019159 ~~k_set_border_color
	0001918f ~~k_clear_screen
	000191c6 ~~k_clear_console
	000191fe ~~k_pos_console
	00019235 ~~k_row_console
	00019263 ~~k_col_console
	00019291 ~~k_write_console
	000193da ~~k_put_string
	00019422 ~~k_put_string_buffer
	0001945b ~~k_put_color
	000194bc ~~k_put_char
	00019538 ~~k_set_background
	00019597 ~~k_set_text_font_page
	000195af ~~k_enable_text_cursor
	00019617 ~~k_set_cursor_position
	00019657 ~~k_create_text_window
	00019722 ~~k_text_mode_dialog
	0001983f ~~k_window_draw
	00019a0e ~~k_window_draw_background
	00019ac5 ~~consoleWindowProc
	00019b55 ~~DefConsoleProc
	0001ae31 ~~ObjectClicked
	0001af1b ~~DefConsoleProc2
	0001b0c2 ~~DefConsoleProc3
	0001b1eb ~~k_console_process_command
	0001b34c ~~token_to_string
	0001b37c ~~newToken
	0001b3d4 ~~sig_walk
	0001b465 ~~getTokenSig
	0001b4ab ~~tokenize
	0001b94b ~~strupr
	0001b994 ~~strlower
	0001b9dd ~~k_pad_string
	0001ba67 ~~k_strcat
	0001ba85 ~~k_strcpy
	0001baa3 ~~k_inttodec
	0001bbc3 ~~k_longtosize
	0001bcaf ~~k_pointer_to_string
	0001bd62 ~~k_longtodec
	0001c117 ~~k_bytetodec
	0001c1f6 ~~k_bytetohex
	0001c260 ~~k_strip_padding
	0001c2a9 ~~k_replace_padding
	0001c2f7 ~~k_replace_padding_until
	0001c34b ~~k_to_uppercase
	0001c394 ~~k_to_lowercase
	0001c3dd ~~k_itoa
	0001c422 ~~k_string_itoa
	0001c503 ~~k_reverse
	0001c5a9 ~~k_fxstring_ends_with
	0001c622 ~~k_string_trim
	0001c656 ~~k_string_rtrim
	0001c6c5 ~~k_string_ltrim
	0001c779 ~~k_string_indexOf
	0001c7df ~~k_string_toString
	0001c810 ~~k_string_copy_string
	0001c892 ~~k_string_copy
	0001c906 ~~k_fxstring_init
	0001c9a0 ~~k_fxstring_reinit
	0001c9f4 ~~k_fxstring_new
	0001cab5 ~~k_fxstring_free
	0001cb1a ~~k_fxstring_size
	0001cb45 ~~k_fxstring_length
	0001cb7e ~~k_fxstring_position
	0001cbac ~~k_fxstring_addchar
	0001cc0e ~~k_fxstring_removechar
	0001cc9a ~~k_fxstring_add
	0001cd08 ~~k_fxstring_fxadd
	0001cd25 ~~k_fxstring_as
	0001cd5d ~~k_fxstring_at
	0001cd7a ~~k_fxstring_equals
	0001cdc5 ~~k_fxstring_copy_string
	0001ce0a ~~k_fxstring_from_long
	0001ce54 ~~k_string_append_integer
	0001cec3 ~~k_string_replace
	0001cfe0 ~~k_get_date_string
	0001d0ca ~~k_get_localtime_string
	0001d1de ~~k_get_localhourminute_string
	0001d29e ~~k_wcstombs
	0001d2f4 ~~k_uart_select
	0001d316 ~~k_uart_setbaud
	0001d33c ~~k_uart_setbaud_com1
	0001d36f ~~k_uart_setbaud_com2
	0001d3a2 ~~k_uart_setctl
	0001d3b2 ~~k_uart_setctl_com1
	0001d3c1 ~~k_uart_setctl_com2
	0001d3d0 ~~k_uart_init
	0001d3ed ~~k_uart_init_com1
	0001d40c ~~k_uart_init_com2
	0001d42b ~~k_uart_dataready
	0001d442 ~~k_uart_getbyte
	0001d459 ~~k_uart_putbyte
	0001d472 ~~k_uart_putstring
	0001d482 ~~k_uart_enableirq
	0001d4b3 ~~k_uart_enableirq_ports
	0001d51c ~~k_uart_poll
	0001d535 ~~k_init_superio
	0001d635 ~~k_init_keyboard
	0001d761 ~~k_sd_init
	0001d8b4 ~~k_sd_ismounted
	0001d7e0 ~~k_sd_dir
	0001dca8 ~~BRKHandler
	0001dfc5 ~~COPHandler
	0001dfd9 ~~IRQHandler
	0001e04d ~~k_dispatch_reg0
	0001e39c ~~k_dispatch_reg1
	0001e6f8 ~~k_dispatch_reg2
	0001e86d ~~k_dispatch_reg3
	0001e8cb ~~k_get_mouse_button
	0001e8ea ~~k_get_mouse_pos_X
	0001e920 ~~k_get_mouse_pos_Y
	0001e960 fadc
	0001e956 ~~~fadc
	0001ea76 ~~~ffix
	0001eaeb ~~~fflt
	0001eb30 ~~~fmul
	0001ec12 doFNorm
	0001ecc2 ~~abs
	0001ecd6 ~~atoi
	0001ed6a ~~atol
	0001ee31 ~~memcpy
	0001ee60 ~~memmove
	0001eec0 ~~memset
	0001eeec ~~rand
	0001ef2d ~~srand
	0001ef4d ~~strcat
	0001ef98 ~~strchr
	0001efc9 ~~strcmp
	0001effe ~~strcpy
	0001f023 ~~strlen
	0001f041 ~~strncpy
	0001f074 ~~strstr
	0001f0cb ~~strtok
	0001f148 ~~tolower
	0001f163 ~~toupper
	0001f17e ~~~asl
	0001f186 ~~~asr
	0001f197 ~~~casl
	0001f1a3 ~~~div
	0001f1c7 ~~~fmov
	0001f1e8 ~~~fsw
	0001f212 ~~~lasl
	0001f241 ~~~lasr
	0001f27f ~~~lcal
	0001f287 ~~~ldiv
	0001f2d5 ~~~llsr
	0001f305 ~~~lmul
	0001f351 ~~~lsr
	0001f359 ~~~ludv
	0001f373 ~~~lumd
	0001f388 ~~~mod
	0001f3ac ~~~mul
	0001f3ed ~~~swt
	0001f40e ~~~udv
	0001f442 ~~strpbrk
	0001f483 ~~strspn
	0001f4b4 ~~~comdiv
	0001f4f5 _END_CODE

Section DATA:
	00020000 _BEG_DATA
	00020014 ~~fun
	00020012 ~~doop
	00020010 ~~operator
	0002000e ~~d2
	0002000c ~~d1
	00020008 ~~pTextBox
	00020004 ~~hWndInstancePalette
	00020000 ~~hWndInstance
	0002028f ~~DEVICE_CON
	00020229 ~~DRIVER_FMXConsole
	00020311 ~~DEVICE_SD
	000202ad ~~DRIVER_FMXSDCard
	0002046b ~~DEVICE_HD
	00020407 ~~DRIVER_FMXIDE
	00020707 ~~DRIVER_B2SDCard
	0002076b ~~diskioDevices
	000208a8 ~~ExCvt
	00020868 ~~VolumeStr
	00020b6a ~~int_use_intr_flag
	00020b6b ~~pio_reg_addrs
	00020b8f ~~pio_xfer_width
	00020ffd ~~irq_signaled
	00020fff ~~floppybufferIndex
	00020ffe ~~cur_drive
	000217f1 ~~tempX
	000217f3 ~~tempY
	000217f5 ~~textData
	0002290c ~~selectionChanged
	00021808 ~~cIndexDebugWindow
	00021806 ~~dcount
	00022d2e ~~_k_WindowManagerInstance
	00022d93 ~~hitNode
	00022d97 ~~hitChildNode
	00022d9b ~~highhit
	00022d9f ~~currentFocus
	00022da3 ~~overlaps
	00022da7 ~~intersections
	00022dab ~~_k_windowManagerMetrics
	00022d8f ~~_k_hWndFocus
	00022d8e ~~_k_bNCLockedFocus
	00022d8a ~~_k_hLockedFocus
	00022d86 ~~_k_NT_currentZ
	00022d82 ~~_k_NT_HighNode
	00022d7e ~~_k_NT_HighRect
	00022d7a ~~_k_NT_currentFocus
	00022d76 ~~_k_NT_currentHover
	00022d72 ~~_k_windowManager_CurrentHit
	00022d6e ~~_k_windowManager_DesktopWindow
	00022d6a ~~_k_windowManager_CursorList
	00022d66 ~~_k_windowManager_FontList
	00022d62 ~~_k_windowManager_IconList
	00022d5e ~~_k_windowManager_WindowMenuList
	00022d5a ~~_k_windowManager_ObjectHitList
	00022d56 ~~_k_windowManager_WindowRedrawList
	00022d52 ~~_k_windowManager_WindowObjectList
	00022d4e ~~_k_windowManager_WindowClassList
	00022d4a ~~_k_windowManager_RectIntersect
	00022d46 ~~_k_windowManager_RectSelectList
	00022d42 ~~_k_windowManager_RectList
	000253f0 ~~listtext
	0002598e ~~heap_start
	00025992 ~~heap_end
	0002598a ~~THIS_MODULE
	00025a78 ~~umm_heap
	00025a7c ~~umm_numblocks
	00025d5c ~~_k_dos_deviceinstance
	00025d58 ~~_k_dos_devicedrivers
	00025d54 ~~sectorBuffer
	000264a3 ~~_k_exec_context
	000264a7 ~~_k_exec_error
	000264b7 ~~THIS_MODULE
	000264b3 ~~_k_execManager_ProcesssList
	000264af ~~_exec_Process
	000264ab ~~_k_current_Process
	00026a01 ~~_k_isOSDebug
	000269e4 ~~FXOSVERSIONSTRING
	000269e0 ~~FXOSVERSION
	00026cbc ~~tokentypeNames
	00026cba ~~cursorCurrentColor
	00026cb8 ~~cursorFlashInterval
	00026cb4 ~~consolespinner
	00026c58 ~~console_command_proc
	00026b7b ~~console_commands
	00026b79 ~~_k_window_index
	000275d1 ~~MOUSE_POINTER_HELP
	000276d1 ~~MOUSE_POINTER_HOURGLASS
	000277d1 ~~MOUSE_POINTER_ARROW
	000278d1 ~~MOUSE_POINTER_RESIZE
	000279d1 ~~MOUSE_POINTER_EMPTY
	00027b21 ~~BG_FILL_LINE_EVEN
	00027ad1 ~~BG_FILL_LINE_ODD
	00027591 ~~TEXT_BG_COLORS
	00027551 ~~TEXT_FG_COLORS
	0002754d ~~TITLE_LINES_640x480
	0002754c ~~TEXT_CAPTION_BLOCK
	0002824f ~~bytetosize
	00028245 ~~bytetodec
	00028235 ~~bytetohex
	000282c8 ~~line
	000282d4 ~~pAPGMPTR
	000282d0 ~~THIS_MODULE
	000282cc ~~mainspinner
	000282ca ~~msp
	00028a1e ~~_k_eventmanager
	00028a36 ~~_k_currentWndManager
	00028a55 ~~initHD
	00028a56 ~~_k_keyCodesSet
	00028aaf ~~_k_keyCodesShiftSet
	00028b08 ~~_k_keyCodesExtSet
	00028a51 ~~THIS_MODULE
	00028a4f ~~_subTick
	00028a4b ~~_k_eventQueue
	00028a47 ~~_k_hWndFocus
	00028a46 ~~_k_bNCLockedFocus
	00028a42 ~~_k_hLockedFocus
	00028a3e ~~_k_system_timer
	00028a3a ~~_k_eventManager_IdleProcList
	000292df ~~boxtop
	00029326 ~~boxbottom
	0002936d ~~boxside
	00029371 ~~_pseudo_timer
	00029375 ~~_system_timer
	00029370 ~~_k_shiftKeyMode
	0002936f ~~_k_extendedKeyMode
	000292de ~~_k_last_scancode
	000292da ~~_irq_ktick
	000292d9 ~~_irq_statusReg
	000292d7 ~~_irq_keyboardTimeout
	000292d6 ~~_irq_currentKeyPress
	000292d5 ~~_irq_keyboardBufferIndex
	000292ab ~~_irq_keyboardBuffer
	000293a2 ~~bExceptionStatus
	0002939e ~~THIS_MODULE
	000295d0 ~~consoleAppOffset
	000298b3 FltErr
	000298b5 ~~_ctype
	000299b6 ~~_randseed
	000299ba _END_DATA

Section UDATA:
	000299ba _BEG_UDATA
	000299ba ~~szIndentity
	00029bba ~~Fsid
	00029bbc ~~FatFs
	00029be0 ~~pio_bmide_base_addr
	00029be4 ~~reg_config_info
	00029be8 ~~reg_cmd_info
	00029c11 ~~int_bmide_status
	00029c12 ~~int_ata_status
	00029bdc ~~tmr_cmd_start_time
	00029c13 ~~floppybuffer
	00029e13 ~~status
	00029e1a ~~status_sz
	00029e1c ~~motoff_timer
	00029e1e ~~drives
	00029e36 ~~reg_sr2
	00029e37 ~~reg_sr1
	00029e38 ~~reg_sr0
	00029e39 ~~reg_dor
	00029e3a ~~popupMessage
	00029e7a ~~_k_loadmodule
	00029e8e ~~f
	00029e9e ~~e
	00029eae ~~d
	00029ebe ~~c
	00029ece ~~b
	00029ede ~~a
	00029eee ~~p
	00029ef6 ~~yoffset
	00029ef8 ~~xoffset
	00029efa ~~yscale
	00029efc ~~xscale
	00029efe ~~_k_windowManager_StdPointers
	00029f1e ~~_k_NT_HighIntersect
	00029f2c ~~_k_lists
	00029f38 ~~ummHeapInfo
	00029f58 ~~fxdosDevice
	0002a226 ~~longnameBuffer
	0002a325 ~~longnamecount
	0002a3a6 ~~_k_exec_message
	0002a3e6 ~~loadModuleHeader
	0002a3fa ~~_k_executive
	0002a326 ~~_k_processList
	0002a40a ~~fx_gui_api_table
	0002a60a ~~fx_gfx_api_table
	0002a80a ~~fx_dos_api_table
	0002aa0a ~~fx_kernel_api_table
	0002ac0a ~~KERNEL_FUNCTION_TABLE
	0002ac0e ~~k16buffer
	0002ac1e ~~consoleBuffer
	0002cb9e ~~consolespinctx
	0002cba4 ~~_k_window_list
	0002deb4 ~~_k_guiCacheSlots
	0002def0 ~~_k_currentPalatte
	0002df22 ~~_k_mouseState
	0002df39 ~~eventProcess
	0002e339 ~~eventProcs
	0002e73d _END_UDATA

Section dtacsry:
	000b0000 _BEG_DTACSRY
	000b12d7 _END_DTACSRY

Section fmxcon:
	0008a000 _BEG_FMXCON
	0008a07c _END_FMXCON

Section fmxsdcard:
	0008a500 _BEG_FMXSDCARD
	0008a923 _END_FMXSDCARD

Section fmxide:
	0008b000 _BEG_FMXIDE
	0008b6d2 _END_FMXIDE

Section ffdos:
	00080000 _BEG_FFDOS
	0008605b _END_FFDOS

Section heapfar:
	00190000 _BEG_HEAPFAR
	00190019 _END_HEAPFAR

Section heapnear:
	00060000 _BEG_HEAPNEAR
	00060019 _END_HEAPNEAR

Section fxhdd:
	00038ffe _BEG_FXHDD
	0003bdac _END_FXHDD

Section dtop:
	00077fff _BEG_DTOP
	0007bb18 _END_DTOP

Section winman:
	00040000 _BEG_WINMAN
	0004ae6d _END_WINMAN

Section fxdos:
	00087fff _BEG_FXDOS
	000897e5 _END_FXDOS

Section gui:
	00030000 _BEG_GUI
	00038240 _END_GUI

Section entry:
	0004f000 _BEG_ENTRY
	0004fe6c _END_ENTRY

Section evtman:
	00050000 _BEG_EVTMAN
	00052408 _END_EVTMAN

Section startup:
	00007d00 _BEG_STARTUP
	00007f1d _END_STARTUP

Section vectors:
	0000ffe4 _BEG_VECTORS
	00010000 _END_VECTORS

Section fonts:
	000a0000 _BEG_FONTS
	000add90 _END_FONTS

Section nodeman:
	0005b000 _BEG_NODEMAN
	0005c659 _END_NODEMAN

Section concmd:
	00070000 _BEG_CONCMD
	00070c9e _END_CONCMD

ABSOLUTES:
	000b0000 ~~FXCalculator
	000b013e ~~CalculatorWindowProc
	000b088f ~~FXPaletteAccessory
	000b0a05 ~~foreach_colors
	000b0a94 ~~deallocate_rect
	000b0abd ~~drawSwatchInfo
	000b0be7 ~~PaletteWindowProc
	0008a067 ~~f_driver_unload
	0008a04a ~~f_driver_write
	0008a02d ~~f_driver_read
	0008a000 ~~f_driver_load
	0008a500 ~~k_sd_reset
	0008a542 ~~k_read_sd_command
	0008a55f ~~k_read_sd_sector
	0008a63c ~~k_write_sd_sector
	0008a706 ~~readCluster
	0008a7c2 ~~k_read_volume_name
	0008a879 ~~k_pc_initialize
	0008a8a4 ~~k_sd_initialize
	0008b1dc ~~k_hd_diagnostic
	0008b21a ~~k_hd_get_id
	0008b357 ~~k_hd_send_command
	0008b374 ~~k_hd_read_sector
	0008b590 ~~k_hd_write_sector
	0008b65a ~~k_hd_initialize
	0008b6bd ~~k_hd_uninitialize
	0008b1ac ~~k_drive_busy
	0008b130 ~~k_drive_ready_not_busy
	0008b0b8 ~~k_drive_not_busy_or_drq
	0008b088 ~~k_drive_ready
	0008b026 ~~k_drive_wait_dsc
	0008b000 ~~k_drive_wait_drq
	000830ca ~~f_mount
	00083193 ~~f_open
	0008362f ~~f_read
	00083a4e ~~f_write
	00083f56 ~~f_sync
	000840ee ~~f_close
	00084142 ~~f_lseek
	00084625 ~~f_opendir
	00084724 ~~f_closedir
	00084767 ~~f_readdir
	000847fe ~~f_findnext
	00084877 ~~f_findfirst
	000848c4 ~~f_stat
	0008494b ~~f_getfree
	00084b8f ~~f_truncate
	00084d70 ~~f_unlink
	00084ee1 ~~f_mkdir
	0008518d ~~f_rename
	000853d0 ~~f_getlabel
	0008554c ~~f_setlabel
	00085849 ~~f_gets
	00085a67 ~~f_putc
	00085aae ~~f_puts
	00085b11 ~~f_printf
	00085a36 ~~putc_init
	000859c6 ~~putc_flush
	0008590a ~~putc_bfd
	0008301c ~~validate
	00082916 ~~mount_volume
	00082700 ~~find_volume
	000825d0 ~~check_fs
	000823fe ~~get_ldnumber
	00082289 ~~follow_path
	00082073 ~~create_name
	00081f1a ~~pattern_matching
	00081e7c ~~get_achar
	00081d2a ~~get_fileinfo
	00081cc5 ~~dir_remove
	00081c26 ~~dir_register
	00081b1e ~~dir_find
	000819ff ~~dir_read
	00081999 ~~st_clust
	00081909 ~~ld_clust
	00081846 ~~dir_alloc
	00081592 ~~dir_next
	00081353 ~~dir_sdi
	00081245 ~~dir_clear
	00080ea1 ~~create_chain
	00080d18 ~~remove_chain
	000809d2 ~~put_fat
	000806c9 ~~get_fat
	0008063a ~~clst2sect
	000804c1 ~~sync_fs
	0008041e ~~move_window
	00080311 ~~sync_window
	000802e4 ~~dbc_2nd
	000802b7 ~~dbc_1st
	00080275 ~~chk_chr
	00080216 ~~mem_cmp
	000801df ~~mem_set
	00080193 ~~mem_cpy
	00080116 ~~st_dword
	000800d7 ~~st_word
	0008003b ~~ld_dword
	00080000 ~~ld_word
	00190000 ~~k_mem_get_heap_far
	00060000 ~~k_mem_get_heap_near
	00038ffe ~~k_ide_isbusy
	00039090 ~~k_ide_isready
	00039124 ~~k_ide_isdrq
	000391aa ~~ide_select_drive
	000391fd ~~k_ide_diagnostic
	0003923b ~~k_ide_init
	000392c6 ~~k_ide_get_info
	0003946d ~~k_ide_get_info_old
	0003960e ~~k_ide_wait
	0003964a ~~k_ide_poll
	000396f1 ~~k_read_lba_sector
	0003987c ~~k_read_lba_sector_old
	00039a00 ~~k_read_hd_sector
	00039a4f ~~k_ide_busy
	00039aca ~~k_ide_drive_ready
	00039b36 ~~k_ide_drive_ready_notbusy
	00039b4e ~~k_ide_not_drq
	00039b94 ~~k_ide_read_sector
	00039bfe ~~reg_config
	0003a0fa ~~reg_reset
	0003a54f ~~reg_non_data_lba28
	0003a5e1 ~~reg_non_data_lba48
	0003a677 ~~exec_pio_data_in_cmd
	0003a8c5 ~~reg_pio_data_in_lba28
	0003a9b0 ~~reg_pio_data_in_lba48
	0003ad06 ~~reg_pio_data_out_lba28
	0003adda ~~reg_pio_data_out_lba48
	0003aea5 ~~reg_packet
	0003bd8d ~~SYSTEM_WAIT_INTR_OR_TIMEOUT
	0003aa7b ~~exec_pio_data_out_cmd
	0003a37f ~~exec_non_data_cmd
	0003bd28 ~~tmr_chk_timeout
	0003bd00 ~~tmr_set_timeout
	0003b776 ~~pio_writeBusMstrStatus
	0003b73e ~~pio_writeBusMstrCmd
	0003b701 ~~pio_readBusMstrStatus
	0003b6c7 ~~pio_readBusMstrCmd
	0003bca9 ~~pio_rep_outdword
	0003bc50 ~~pio_rep_indword
	0003bbff ~~pio_rep_outword
	0003bbb3 ~~pio_rep_inword
	0003bb68 ~~pio_rep_outbyte
	0003bb1e ~~pio_rep_inbyte
	0003ba1b ~~pio_drq_block_out
	0003b918 ~~pio_drq_block_in
	0003b8dc ~~pio_outdword
	0003b89a ~~pio_indword
	0003b865 ~~pio_outword
	0003b829 ~~pio_inword
	0003b7f0 ~~pio_outbyte
	0003b7b1 ~~pio_inbyte
	0003b63f ~~sub_wait_poll
	0003b4af ~~sub_select
	0003b44b ~~sub_trace_command
	0003b269 ~~sub_setup_command
	00077fff ~~testRelabel
	000780ac ~~testRename
	00078122 ~~testNewFolder
	00078196 ~~testFileSystems
	00078316 ~~DesktopEnvironmentProc
	00078439 ~~k_createNewFile
	000784e2 ~~DesktopWindowProc
	00079e6c ~~ConsoleWindowProc
	0007a20d ~~TextWindowProc
	0007a5ae ~~preferencesWindowProc
	0007a80b ~~drawImage
	0007aa34 ~~drawMandelbrot
	0007aba6 ~~k_user_DisplayVolWindow
	0007abf0 ~~foreach_file
	0007aca4 ~~foreach_render_file
	0007b058 ~~desktopVolsWindowProc
	00040000 ~~k_user_get_object_list
	00040111 ~~k_user_FindRect
	000402f5 ~~k_user_getOverLappedRect
	00040549 ~~k_user_getIntersectionRect
	0004059a ~~k_user_isOverlappedRectPoints
	0004060b ~~k_user_isOverlappedRects
	0004069c ~~k_deallocate_rect
	000406d8 ~~k_deallocate_window_class
	00040718 ~~k_deallocate_window_object
	0004088c ~~k_is_window_closed
	000408bd ~~k_clean_closed_windows
	0004091f ~~k_isNonClient
	00040e13 ~~ProcessWindowEvent
	00040f6c ~~ConfigureWindowEvent
	00040f93 ~~QueryWindowManager
	000410a5 ~~k_initializeWindowManager
	000414cd ~~k_update_focus_history
	000414f4 ~~find_window_caption
	00041554 ~~k_user_findWindow
	000415b1 ~~k_user_getDesktopWindow
	000415e8 ~~k_user_CenterWindow
	000416b7 ~~k_user_CenterBottomWindow
	000417af ~~k_user_MoveWindow
	0004195c ~~k_user_MoveWindow_ex
	00041aa1 ~~k_user_ResizeWindow_ex
	00041cdb ~~k_getWindowManagerList
	00041cf3 ~~k_getWindowManagerClassList
	00041d0b ~~k_getWindowManagerHitList
	00041d23 ~~k_getWindowList
	00041d49 ~~k_getWindowClassList
	00041d6f ~~k_getWindowHitList
	00041d95 ~~k_getHandleFromWindow
	00041db3 ~~k_getWindowFromHandle
	00041dd1 ~~k_getWindowRect
	00041e13 ~~k_user_RegisterMousePointerClass
	00041e56 ~~k_user_RegisterFontClass
	00041e8b ~~k_user_getFontClass
	00041eeb ~~k_user_getMousePointerClass
	00041f4b ~~k_user_setMousePointer
	00041f8d ~~k_user_CreateWindowClass
	00041fd0 ~~k_user_CreateWindowClassEx
	000420d5 ~~k_user_getWindowClass
	00042131 ~~k_user_GetFont
	0004217e ~~k_user_GetWindowDrawingContext
	0004219f ~~k_user_ReleaseWindowDrawingContext
	000421b7 ~~k_user_SelectFontIntoContext
	000421cf ~~k_user_SelectColorIntoContext
	000421e7 ~~k_user_DrawText
	00042204 ~~k_user_DrawWindowTextToPoint
	00042261 ~~k_user_DrawWindowTextToPointWithFont
	000422bf ~~k_user_FillClientRect
	00042350 ~~k_user_RegisterWindowClass
	00042371 ~~k_user_LoadDialog
	000423bd ~~k_user_CloseWindow
	00042433 ~~k_user_DestroyWindow
	00042691 ~~k_user_CreateWindow
	00042c4e ~~k_user_CreateWindowEx
	00042e06 ~~k_user_SetWindowTitle
	00042e57 ~~k_user_SetWindowData
	00042eec ~~k_user_GetWindowData
	00042f73 ~~k_user_SetRect
	00042fad ~~k_user_ClearRect
	00042feb ~~k_user_CopyRect
	00043037 ~~k_user_CreateMenuResource
	0004309a ~~k_user_AddMenuItem
	00043187 ~~k_user_SetMenuItemAttribute
	000431be ~~k_user_CreateMenu
	000434d5 ~~menuWindowProc
	000437fb ~~k_iterate_windows_for_move
	000438f7 ~~k_iterate_windows_for_redraw
	00043a06 ~~k_iterate_menus
	00043b1a ~~k_iterate_set_menu_state
	00043b7c ~~k_iterate_dropdown_menu_captions
	00043c56 ~~k_user_CreateMenuAnchor
	00043d41 ~~menuAnchorWindowProc
	00043fde ~~k_func_drawAnchorText
	000441e1 ~~k_size_dropdown_menus
	000443d6 ~~k_user_CreateMenuDropDown
	000444f1 ~~menuDropDownWindowProc
	00044930 ~~k_user_CreateMsgBox
	000449c8 ~~k_add_child_window
	00044ac4 ~~k_update_hover_location
	00044b8d ~~k_user_getFocusWindow
	00044bc1 ~~find_child_window
	00044c13 ~~k_user_IsChildWindow
	00044c96 ~~k_point_reset_current_top
	00044ca6 ~~k_attach_mouse_detection
	00044d10 ~~k_add_object_hit_node
	00044d5e ~~k_attach_mouse_detection_local
	00044dc2 ~~k_add_object_hit_node_local
	00044dfe ~~k_point_in_nodeslist
	00044e30 ~~k_point_in_any_nodeslist
	00045268 ~~k_point_in_depth_nodeslist
	00045556 ~~k_point_hit_resetdepth_nodeslist
	000455e5 ~~k_point_hit_scan
	00045630 ~~k_point_hit_window
	000456ed ~~k_point_hit_node
	000457da ~~k_point_hit_scan_nodeslist
	00045943 ~~k_remove_closed_windows_from_list
	00045abb ~~k_user_ShowWindow
	00045ad8 ~~k_user_ClientToGlobalCoordinates
	00045b2f ~~k_user_GlobalToClientCoordinates
	00045b86 ~~gadgetWindowProc
	00045c16 ~~k_user_getSystemMetric
	00045d6f ~~k_text_callback
	00045da4 ~~k_render_text
	00045e78 ~~_k_user_send_child_message
	00045ee8 ~~k_iterate_children
	00045f63 ~~debug_window_node
	00046080 ~~debug_clickable_node
	000461b1 ~~k_user_StartWindowForDrag
	00046286 ~~k_user_EndWindowForDrag
	000463a5 ~~k_user_StartWindowForResize
	00046475 ~~k_user_EndWindowForResize
	000465b7 ~~k_increment_activity
	0004661e ~~k_increment_z
	0004665f ~~DlgWindowProc
	0004676f ~~AboutPaletteWindowProc
	00047056 ~~DlgAboutWindowProc
	000473f0 ~~k_user_SetMenuState
	0004746e ~~k_switch_window_page
	00047562 ~~k_copy_window_region
	00047657 ~~k_copy_window_page_region
	00047719 ~~k_user_RedrawWindows
	0004774a ~~k_user_MoveChildWindows
	0004778d ~~k_user_DrawInsetFrame
	000477f3 ~~k_user_GetMousePoint
	0004782b ~~k_user_GetMouseClientPoint
	0004788b ~~k_user_lock_focus
	000478bb ~~k_user_lock_focus_ex
	00047906 ~~k_user_get_focus_window
	0004791e ~~k_user_get_locked_focus
	00047936 ~~k_user_unlock_focus
	00047980 ~~_k_DoWndProcs
	00047c77 ~~DefWindowProc
	000486fe ~~k_user_CreateButton
	000487ae ~~buttonDraw
	00048929 ~~buttonWindowProc
	00048e0c ~~k_user_CreateTextBox
	00048e77 ~~textboxWindowProc
	00049514 ~~k_user_CreateVerticalScrollBar
	00049710 ~~vscrollbarWindowProc
	00049eec ~~k_user_CreateHorizontalScrollbar
	00049fcb ~~hscrollbarWindowProc
	0004a928 ~~processSBCommand
	0004a9bb ~~msgboxWindowProc
	00040fd1 ~~DoWndProcs
	00040dfb ~~Events
	000409ba ~~_k_doMouseEvent
	00040844 ~~k_deallocate_menu_resource
	000407fb ~~k_deallocate_icon_object
	0004034a ~~intersection
	0004022c ~~k_iterate_rect_overlaps
	00040188 ~~k_user_RectToPoint
	00040143 ~~k_user_GetSelectedRect
	00040030 ~~k_iterate_rect_objects
	00040486 ~~k_iterate_rect_intersections
	00040874 ~~k_deallocate_cursor_object
	0004085c ~~k_deallocate_font_object
	00040813 ~~k_deallocate_hit_class
	000407e3 ~~k_deallocate_menu_object
	00087fff ~~k_dos_load_drivers
	00088497 ~~k_get_dos_device
	000884e6 ~~k_close_dos_device
	0008855d ~~k_create_dos_device
	0008887b ~~_k_dos_alloc_filename
	0008895f ~~k_dos_dealloc_filelist
	000889db ~~_k_dos_alloc_fileinfo
	00088a78 ~~k_dos_foreach_file
	00088aec ~~k_dos_alloc_short_name
	00088c3d ~~k_dos_get_name
	00089111 ~~k_dos_deallocate_long_entry
	00089161 ~~k_dos_read_file
	000893d4 ~~k_read_dos_directory
	000895cd ~~getDeviceClusterLocationByIndex
	0008974f ~~getClusterLocationByIndex
	000897cd ~~k_GetDirectory
	00030000 ~~k_new_RECT
	0003004c ~~k_new_RECTP
	000300a0 ~~k_ToRECT
	000300fb ~~k_ToRECTP
	00030153 ~~k_gui_init_image_cache_slot
	00030184 ~~k_gui_alloc_image_cache_slot
	000301d5 ~~k_gui_free_image_cache_slot
	00030202 ~~k_gui_set_image_cache
	00030313 ~~k_gui_get_image_cache
	000305b4 ~~k_copy_rect
	00030600 ~~k_set_rect
	0003063a ~~k_is_overlapped_rect
	000306c0 ~~k_is_overlapped_rect_points
	00030731 ~~k_is_inside_rect
	000307b4 ~~k_gui_get_pixel_offset
	000307e1 ~~k_gui_get_pixel_offset_width
	00030840 ~~k_set_foreground_palette
	00030862 ~~k_set_text_gamma
	00030898 ~~k_set_text_color
	000308c4 ~~k_set_text_colors
	00030914 ~~setColors
	000310de ~~defineGrayPalette
	00031235 ~~k_getUIBackgroundColor
	0003124a ~~k_getUIDesktopColor
	0003125f ~~k_getUIFontColor
	00031274 ~~k_getUIFontSelectedColor
	00031289 ~~k_getUIHighlightColor
	0003129e ~~k_getUIWindowFrameColor
	000312b3 ~~k_getUIWindowBorderColor
	000312c8 ~~k_getUIWindowShadowColor
	000312dd ~~k_getUIMenuColor
	000312f2 ~~k_getUIGadgetColor
	00031307 ~~k_getUIColor
	0003134f ~~k_draw_pixel
	000313d5 ~~k_draw_pixel_front
	0003145b ~~k_draw_pixel_back
	000314e1 ~~k_draw_pixel_D0
	0003152f ~~k_draw_pixel_ex
	000315b5 ~~k_draw_segments
	0003176d ~~k_draw_filled_segments
	0003199d ~~k_draw_circle
	00031a3e ~~k_draw_filled_circle
	00031adf ~~k_draw_line
	00031b08 ~~k_draw_line_ex
	00031c7f ~~k_draw_line_with_pattern
	00031d8c ~~k_draw_rect_slow
	00031dec ~~k_draw_rect
	00031e54 ~~k_draw_rect_ex
	00031eb0 ~~k_draw_filled_rect_slow
	00031ec8 ~~k_put_draw_text
	00031ef0 ~~k_draw_text
	00031f36 ~~k_draw_text_point_ex
	00031ff5 ~~k_draw_text_point
	00032079 ~~k_gui_DrawText
	00032274 ~~k_draw_text_point_with_font_ex
	000322fd ~~k_draw_text_point_with_font
	00032384 ~~k_draw_text_scaled
	000323cc ~~k_get_font_metrics
	000323f8 ~~k_put_font_point
	0003253f ~~k_put_binary_font_point
	000328c7 ~~k_put_binary_variablefont_point
	000329c1 ~~k_put_binary_variablefont_point_ex
	00032b12 ~~k_put_wingadget_point
	00032c0b ~~k_gui_DrawWidget
	00032c6c ~~k_put_wingadget_point_ex
	00032db0 ~~k_put_winicon_point
	00032ed5 ~~k_put_winicon_point_ex
	00032ffc ~~k_put_winicon_scaled
	00033162 ~~k_put_font
	000332f7 ~~k_put_font_scaled
	000334b8 ~~k_draw_char
	000335dd ~~k_draw_char_scaled
	00033774 ~~k_draw_char_scaled_point
	000338ff ~~k_draw_lines
	000339ba ~~k_draw_fontset
	00033a75 ~~k_fill_line
	00033adf ~~k_vdraw_filled_rect
	00033b82 ~~k_draw_filled_rect
	00033c25 ~~k_create_ui_window_class
	00033d46 ~~k_HWNDToWINRECT
	00033d9b ~~k_gui_size_nonclient_area
	00033efa ~~k_vdraw_ui_window
	00033f31 ~~k_gui_DrawWindow
	00034a2a ~~k_vdraw_ui_window_ex
	000353fa ~~k_draw_menu
	00035506 ~~k_vdraw_ui_menu
	0003553f ~~k_vdraw_ui_menu_ex
	00035663 ~~k_vdraw_ui_menu_with_rect
	00035733 ~~k_gadget_title_front_callback
	0003577e ~~k_gadget_title_back_callback
	000357c9 ~~k_render_menu
	0003594d ~~k_draw_ui_window
	00035b47 ~~k_paint_brush_rect
	00035c42 ~~k_paint_brush_at_address
	00035d96 ~~k_vdma_move_rect
	00035ea5 ~~k_vdma_fill_rect_ex
	00035fd4 ~~k_vdma_fill_rect
	00036001 ~~k_vdma_fill_address_old
	000361d4 ~~k_vdma_fill_address
	0003631f ~~k_vdma_fill_address_ex
	00036460 ~~k_vdma_fill
	000365ca ~~k_enable_bitmap_mode
	00036754 ~~k_get_video_mode
	000367d6 ~~k_gui_cache_desktop_widgets
	0003684c ~~k_init_desktop
	00036900 ~~k_create_context_menus
	00036a7b ~~k_create_context_menu
	00036bd8 ~~k_create_context_menu_in_window_ex
	00036f2b ~~k_create_context_menu_in_window
	000371c1 ~~k_render_context_menu
	0003733a ~~k_free_context_menu
	000373a9 ~~k_bitblt
	00037585 ~~k_memory_bitblt
	00037840 ~~k_shadow_fill_rect_address
	00037955 ~~k_shadow_fill_rect
	00037981 ~~k_shadow_bitblt
	00037afb ~~k_scratch_save_bitblt
	00037c9e ~~k_scratch_restore_bitblt
	00037e6d ~~k_font_getFontHeight
	00037e82 ~~k_font_getFontWidth
	00037e97 ~~k_gui_set_mousepointer
	00037efc ~~k_gui_init_mousepointer
	00037f95 ~~k_vdma_copy_address_ex
	00038118 ~~k_gui_get_title_cache
	00038138 ~~k_gui_build_title_cache
	0004f000 ~~ReportMemory
	0004f0bf ~~SpinMemory
	0004f123 ~~DeallocateNodeListString
	0004f171 ~~testHD
	0004f240 ~~main
	0004f753 ~~main_normal
	0004fbf8 ~~k_level_test
	00050000 ~~k_get_systemtimer
	000500eb ~~k_initalize_event_manager
	000501b9 ~~k_signal_sol_event
	000501d1 ~~k_new_event_loop
	00050393 ~~k_event_loop
	00050b08 ~~IdleProc
	00050b42 ~~k_do_procs
	00050ba8 ~~k_do_processes
	00051237 ~~k_attach_events
	000512ed ~~k_unattach_events
	000513ad ~~k_attach_process_events
	0005156b ~~k_alloc_message_arg
	000515ae ~~k_dealloc_message_arg
	000515f5 ~~k_send_message
	00051722 ~~k_send_window_message
	0005182d ~~k_send_command_message
	0005190b ~~k_send_process_command_message
	000519ef ~~k_irq_device_event
	00051abd ~~k_updateMouseState
	00051d05 ~~k_create_process_msg
	00051d75 ~~k_create_synthetic_window_msg
	00051e0f ~~k_create_msg
	0005213b ~~k_destory_msg
	0005219a ~~k_getKeyboardChar
	0005221f ~~k_register_idle_proc
	00052275 ~~k_unregister_idle_proc
	000522e2 ~~k_process_idle_procs
	00052323 ~~k_execute_idleprocs
	0005234e ~~DeviceChecks
	000523ae ~~IdleCleanup
	000500b6 ~~Run
	00050078 ~~Query
	0005005b ~~Configure
	0005004b ~~Uninit
	00050028 ~~Init
	00007ed2 ~~_exit
	00007ed4 IRQ
	000a0000 ~~characterROMMapping
	000a0200 ~~fontSpace
	000a0240 ~~fontCursor
	000a0280 ~~fontImg
	000a8280 ~~windowChromeImg
	000a8580 ~~windowIconImg
	000a8d80 ~~Bm437ToshibaLCD8x8
	000a9582 ~~Bm437ATI8x16
	000aa584 ~~Bm437ATI6x8
	000aad86 ~~BM437TINYTYPE8x8
	000ab588 ~~BM437FANTASY
	000abd8a ~~BM437AMIGO8x8
	000ac58c ~~BM4378X8ITAL
	000acd8e ~~BM437FXOS8x8
	000ad590 ~~EGAFONT
	0005b000 ~~k_initialize
	0005b03d ~~k_isempty
	0005b090 ~~k_enqueue_with_lock
	0005b0b4 ~~k_dequeue_with_lock
	0005b0e2 ~~k_enqueue
	0005b246 ~~k_dequeue
	0005b332 ~~k_debug_queue
	0005b370 ~~k_nodelist_create
	0005b450 ~~k_nodelist_ncreate
	0005b528 ~~k_nodelist_init
	0005b5cf ~~k_nodelist_copy
	0005b648 ~~k_nodelist_add
	0005b6a1 ~~k_nodelist_addtohead
	0005b738 ~~k_nodelist_gettype
	0005b790 ~~k_nodelist_getname
	0005b805 ~~k_nodelist_getname_and_type
	0005b863 ~~k_nodelist_get
	0005b8b4 ~~k_nodelist_remove
	0005b970 ~~k_nodelist_remove_obj
	0005b9b1 ~~k_nodelist_remove_node
	0005ba69 ~~k_nodelist_data
	0005bae7 ~~k_nodelist_last
	0005bb6a ~~k_nodelist_foreach_data
	0005bbc4 ~~k_nodelist_foreach_until_data
	0005bc36 ~~k_nodelist_foreach_listdata
	0005bc8a ~~k_nodelist_foreach_listdata_remove
	0005bdda ~~k_nodelist_foreach_until_listdata
	0005be38 ~~k_nodelist_foreach_type
	0005bec9 ~~k_nodelist_allocate_list
	0005bf46 ~~k_nodelist_getfirstnode
	0005bf96 ~~k_nodelist_empty
	0005bff2 ~~k_deallocate_default
	0005c01b ~~k_nodelist_deallocate_list
	0005c11a ~~k_nodelist_clear_list
	0005c20d ~~k_nodelist_naddtolist_tohead
	0005c254 ~~k_nodelist_addtolist_tohead
	0005c33c ~~k_nodelist_naddtolist
	0005c383 ~~k_nodelist_addtolist
	0005c46b ~~k_nodelist_addnodetolist
	0005c524 ~~k_nodelist_searchByName
	0005c57e ~~k_nodelist_searchByType
	0005c5d6 ~~k_nodelist_getlistname
	0005c626 ~~k_nodelist_removefromlist
	00070000 ~~cmd_TIME
	000700ad ~~cmd_Window
	0007010f ~~cmd_START
	000702ae ~~cmd_EXIT
	00070366 ~~cmd_RESUME
	0007041e ~~cmd_PAUSE
	000704d6 ~~cmd_DIR
	0007051e ~~cmd_VOL
	00070547 ~~cmd_TESTSD
	00070564 ~~cmd_WORKBENCH
	00070648 ~~cmd_CLEAR
	000706a2 ~~cmd_FCOLOR
	000706c9 ~~cmd_BCOLOR
	000706f0 ~~cmd_INIT
	000707af ~~cmd_TASKS
	00070a67 ~~cmd_FRONT
	00070a8e ~~cmd_BACK
	00070ab5 ~~cmd_CHRDIR
	00070adc ~~cmd_DISPLAY
	00070b03 ~~cmd_NEWDIR
	00070b9e ~~cmd_SEND
	00070c3f ~~cmd_LINEUP

